Component: ARM Compiler 5.06 update 2 (build 183) Tool: armlink [4d35b7]

==============================================================================

Section Cross References

    stm32f4xx_hal_flash.o(i.FLASH_SetErrorCode) refers to stm32f4xx_hal_flash.o(.bss) for pFlash
    stm32f4xx_hal_flash.o(i.FLASH_WaitForLastOperation) refers to stm32f4xx_hal.o(i.HAL_GetTick) for HAL_GetTick
    stm32f4xx_hal_flash.o(i.FLASH_WaitForLastOperation) refers to stm32f4xx_hal_flash.o(i.FLASH_SetErrorCode) for FLASH_SetErrorCode
    stm32f4xx_hal_flash.o(i.FLASH_WaitForLastOperation) refers to stm32f4xx_hal_flash.o(.bss) for pFlash
    stm32f4xx_hal_flash.o(i.HAL_FLASH_GetError) refers to stm32f4xx_hal_flash.o(.bss) for pFlash
    stm32f4xx_hal_flash.o(i.HAL_FLASH_IRQHandler) refers to stm32f4xx_hal_flash.o(i.FLASH_SetErrorCode) for FLASH_SetErrorCode
    stm32f4xx_hal_flash.o(i.HAL_FLASH_IRQHandler) refers to stm32f4xx_hal_flash.o(i.HAL_FLASH_OperationErrorCallback) for HAL_FLASH_OperationErrorCallback
    stm32f4xx_hal_flash.o(i.HAL_FLASH_IRQHandler) refers to stm32f4xx_hal_flash.o(i.HAL_FLASH_EndOfOperationCallback) for HAL_FLASH_EndOfOperationCallback
    stm32f4xx_hal_flash.o(i.HAL_FLASH_IRQHandler) refers to stm32f4xx_hal_flash_ex.o(i.FLASH_Erase_Sector) for FLASH_Erase_Sector
    stm32f4xx_hal_flash.o(i.HAL_FLASH_IRQHandler) refers to stm32f4xx_hal_flash_ex.o(i.FLASH_FlushCaches) for FLASH_FlushCaches
    stm32f4xx_hal_flash.o(i.HAL_FLASH_IRQHandler) refers to stm32f4xx_hal_flash.o(.bss) for pFlash
    stm32f4xx_hal_flash.o(i.HAL_FLASH_OB_Launch) refers to stm32f4xx_hal_flash.o(i.FLASH_WaitForLastOperation) for FLASH_WaitForLastOperation
    stm32f4xx_hal_flash.o(i.HAL_FLASH_Program) refers to stm32f4xx_hal_flash.o(i.FLASH_WaitForLastOperation) for FLASH_WaitForLastOperation
    stm32f4xx_hal_flash.o(i.HAL_FLASH_Program) refers to stm32f4xx_hal_flash.o(i.FLASH_Program_Byte) for FLASH_Program_Byte
    stm32f4xx_hal_flash.o(i.HAL_FLASH_Program) refers to stm32f4xx_hal_flash.o(i.FLASH_Program_HalfWord) for FLASH_Program_HalfWord
    stm32f4xx_hal_flash.o(i.HAL_FLASH_Program) refers to stm32f4xx_hal_flash.o(i.FLASH_Program_Word) for FLASH_Program_Word
    stm32f4xx_hal_flash.o(i.HAL_FLASH_Program) refers to stm32f4xx_hal_flash.o(i.FLASH_Program_DoubleWord) for FLASH_Program_DoubleWord
    stm32f4xx_hal_flash.o(i.HAL_FLASH_Program) refers to stm32f4xx_hal_flash.o(.bss) for pFlash
    stm32f4xx_hal_flash.o(i.HAL_FLASH_Program_IT) refers to stm32f4xx_hal_flash.o(i.FLASH_Program_Byte) for FLASH_Program_Byte
    stm32f4xx_hal_flash.o(i.HAL_FLASH_Program_IT) refers to stm32f4xx_hal_flash.o(i.FLASH_Program_HalfWord) for FLASH_Program_HalfWord
    stm32f4xx_hal_flash.o(i.HAL_FLASH_Program_IT) refers to stm32f4xx_hal_flash.o(i.FLASH_Program_Word) for FLASH_Program_Word
    stm32f4xx_hal_flash.o(i.HAL_FLASH_Program_IT) refers to stm32f4xx_hal_flash.o(i.FLASH_Program_DoubleWord) for FLASH_Program_DoubleWord
    stm32f4xx_hal_flash.o(i.HAL_FLASH_Program_IT) refers to stm32f4xx_hal_flash.o(.bss) for pFlash
    stm32f4xx_hal_dma.o(i.DMA_CalcBaseAndBitshift) refers to stm32f4xx_hal_dma.o(.constdata) for flagBitshiftOffset
    stm32f4xx_hal_dma.o(i.HAL_DMA_Abort) refers to stm32f4xx_hal.o(i.HAL_GetTick) for HAL_GetTick
    stm32f4xx_hal_dma.o(i.HAL_DMA_DeInit) refers to stm32f4xx_hal_dma.o(i.DMA_CalcBaseAndBitshift) for DMA_CalcBaseAndBitshift
    stm32f4xx_hal_dma.o(i.HAL_DMA_IRQHandler) refers to system_stm32f4xx.o(.data) for SystemCoreClock
    stm32f4xx_hal_dma.o(i.HAL_DMA_Init) refers to stm32f4xx_hal.o(i.HAL_GetTick) for HAL_GetTick
    stm32f4xx_hal_dma.o(i.HAL_DMA_Init) refers to stm32f4xx_hal_dma.o(i.DMA_CheckFifoParam) for DMA_CheckFifoParam
    stm32f4xx_hal_dma.o(i.HAL_DMA_Init) refers to stm32f4xx_hal_dma.o(i.DMA_CalcBaseAndBitshift) for DMA_CalcBaseAndBitshift
    stm32f4xx_hal_dma.o(i.HAL_DMA_PollForTransfer) refers to stm32f4xx_hal.o(i.HAL_GetTick) for HAL_GetTick
    stm32f4xx_hal_dma.o(i.HAL_DMA_PollForTransfer) refers to stm32f4xx_hal_dma.o(i.HAL_DMA_Abort) for HAL_DMA_Abort
    stm32f4xx_hal_dma.o(i.HAL_DMA_Start) refers to stm32f4xx_hal_dma.o(i.DMA_SetConfig) for DMA_SetConfig
    stm32f4xx_hal_dma.o(i.HAL_DMA_Start_IT) refers to stm32f4xx_hal_dma.o(i.DMA_SetConfig) for DMA_SetConfig
    stm32f4xx_hal_flash_ex.o(i.FLASH_OB_BootConfig) refers to stm32f4xx_hal_flash.o(i.FLASH_WaitForLastOperation) for FLASH_WaitForLastOperation
    stm32f4xx_hal_flash_ex.o(i.FLASH_OB_DisablePCROP) refers to stm32f4xx_hal_flash.o(i.FLASH_WaitForLastOperation) for FLASH_WaitForLastOperation
    stm32f4xx_hal_flash_ex.o(i.FLASH_OB_DisableWRP) refers to stm32f4xx_hal_flash.o(i.FLASH_WaitForLastOperation) for FLASH_WaitForLastOperation
    stm32f4xx_hal_flash_ex.o(i.FLASH_OB_EnablePCROP) refers to stm32f4xx_hal_flash.o(i.FLASH_WaitForLastOperation) for FLASH_WaitForLastOperation
    stm32f4xx_hal_flash_ex.o(i.FLASH_OB_EnableWRP) refers to stm32f4xx_hal_flash.o(i.FLASH_WaitForLastOperation) for FLASH_WaitForLastOperation
[...]
    ../Src/main.c                            0x00000000   Number         0  main.o ABSOLUTE
    ../Src/stm32f4xx_hal_msp.c               0x00000000   Number         0  stm32f4xx_hal_msp.o ABSOLUTE
    ../Src/stm32f4xx_it.c                    0x00000000   Number         0  stm32f4xx_it.o ABSOLUTE
    ../clib/microlib/division.c              0x00000000   Number         0  uidiv.o ABSOLUTE
    ../clib/microlib/division.c              0x00000000   Number         0  uldiv.o ABSOLUTE
    ../clib/microlib/init/entry.s            0x00000000   Number         0  entry8a.o ABSOLUTE
    ../clib/microlib/init/entry.s            0x00000000   Number         0  entry8b.o ABSOLUTE
    ../clib/microlib/init/entry.s            0x00000000   Number         0  entry7a.o ABSOLUTE
    ../clib/microlib/init/entry.s            0x00000000   Number         0  entry5.o ABSOLUTE
    ../clib/microlib/init/entry.s            0x00000000   Number         0  entry9a.o ABSOLUTE
    ../clib/microlib/init/entry.s            0x00000000   Number         0  entry9b.o ABSOLUTE
    ../clib/microlib/init/entry.s            0x00000000   Number         0  entry.o ABSOLUTE
    ../clib/microlib/init/entry.s            0x00000000   Number         0  entry11b.o ABSOLUTE
    ../clib/microlib/init/entry.s            0x00000000   Number         0  entry11a.o ABSOLUTE
    ../clib/microlib/init/entry.s            0x00000000   Number         0  entry10b.o ABSOLUTE
    ../clib/microlib/init/entry.s            0x00000000   Number         0  entry2.o ABSOLUTE
    ../clib/microlib/init/entry.s            0x00000000   Number         0  entry10a.o ABSOLUTE
    ../clib/microlib/init/entry.s            0x00000000   Number         0  entry7b.o ABSOLUTE
    ../clib/microlib/longlong.c              0x00000000   Number         0  llshl.o ABSOLUTE
    ../clib/microlib/longlong.c              0x00000000   Number         0  llsshr.o ABSOLUTE
    ../clib/microlib/longlong.c              0x00000000   Number         0  llushr.o ABSOLUTE
    ../clib/microlib/printf/printf.c         0x00000000   Number         0  printf0.o ABSOLUTE
    ../clib/microlib/printf/printf.c         0x00000000   Number         0  printfb.o ABSOLUTE
    ../clib/microlib/printf/printf.c         0x00000000   Number         0  printfa.o ABSOLUTE
    ../clib/microlib/printf/printf.c         0x00000000   Number         0  printf1.o ABSOLUTE
    ../clib/microlib/printf/printf.c         0x00000000   Number         0  printf7.o ABSOLUTE
    ../clib/microlib/printf/printf.c         0x00000000   Number         0  printf6.o ABSOLUTE
    ../clib/microlib/printf/printf.c         0x00000000   Number         0  printf5.o ABSOLUTE
    ../clib/microlib/printf/printf.c         0x00000000   Number         0  printf4.o ABSOLUTE
    ../clib/microlib/printf/printf.c         0x00000000   Number         0  printf3.o ABSOLUTE
    ../clib/microlib/printf/printf.c         0x00000000   Number         0  printf2.o ABSOLUTE
    ../clib/microlib/printf/printf.c         0x00000000   Number         0  printf8.o ABSOLUTE
    ../clib/microlib/printf/stubs.s          0x00000000   Number         0  stubs.o ABSOLUTE
    ../clib/microlib/stdio/fputc.c           0x00000000   Number         0  fputc.o ABSOLUTE
    ../clib/microlib/stdio/semi.s            0x00000000   Number         0  semi.o ABSOLUTE
    ../clib/microlib/stdio/streams.c         0x00000000   Number         0  stdout.o ABSOLUTE
    ../clib/microlib/string/memcpy.c         0x00000000   Number         0  memcpya.o ABSOLUTE
    ../clib/microlib/string/memcpy.c         0x00000000   Number         0  memcpyb.o ABSOLUTE
    ../clib/microlib/string/memset.c         0x00000000   Number         0  memseta.o ABSOLUTE
    ../clib/microlib/string/strcat.c         0x00000000   Number         0  strcat.o ABSOLUTE
    ../clib/microlib/stubs.s                 0x00000000   Number         0  iusefp.o ABSOLUTE
    ../clib/microlib/stubs.s                 0x00000000   Number         0  iusesemip.o ABSOLUTE
    ../fplib/microlib/fpadd.c                0x00000000   Number         0  dadd.o ABSOLUTE
    ../fplib/microlib/fpdiv.c                0x00000000   Number         0  ddiv.o ABSOLUTE
    ../fplib/microlib/fpepilogue.c           0x00000000   Number         0  depilogue.o ABSOLUTE
    ../fplib/microlib/fpfix.c                0x00000000   Number         0  dfixul.o ABSOLUTE
    ../fplib/microlib/fpmul.c                0x00000000   Number         0  dmul.o ABSOLUTE
    ..\Drivers\BSP\Components\ili9341\ili9341.c 0x00000000   Number         0  ili9341.o ABSOLUTE
    ..\Drivers\BSP\STM32F429I-Discovery\stm32f429i_discovery.c 0x00000000   Number         0  stm32f429i_discovery.o ABSOLUTE
    ..\Drivers\BSP\STM32F429I-Discovery\stm32f429i_discovery_lcd.c 0x00000000   Number         0  stm32f429i_discovery_lcd.o ABSOLUTE
    ..\Drivers\BSP\STM32F429I-Discovery\stm32f429i_discovery_sdram.c 0x00000000   Number         0  stm32f429i_discovery_sdram.o ABSOLUTE
    ..\Drivers\CMSIS\\Device\ST\STM32F4xx\Source\Templates\system_stm32f4xx.c 0x00000000   Number         0  system_stm32f4xx.o ABSOLUTE
    ..\Drivers\STM32F4xx_HAL_Driver\Src\stm32f4xx_hal.c 0x00000000   Number         0  stm32f4xx_hal.o ABSOLUTE
    ..\Drivers\STM32F4xx_HAL_Driver\Src\stm32f4xx_hal_cortex.c 0x00000000   Number         0  stm32f4xx_hal_cortex.o ABSOLUTE
    ..\Drivers\STM32F4xx_HAL_Driver\Src\stm32f4xx_hal_dma.c 0x00000000   Number         0  stm32f4xx_hal_dma.o ABSOLUTE
    ..\Drivers\STM32F4xx_HAL_Driver\Src\stm32f4xx_hal_dma2d.c 0x00000000   Number         0  stm32f4xx_hal_dma2d.o ABSOLUTE
    ..\Drivers\STM32F4xx_HAL_Driver\Src\stm32f4xx_hal_dma_ex.c 0x00000000   Number         0  stm32f4xx_hal_dma_ex.o ABSOLUTE
    ..\Drivers\STM32F4xx_HAL_Driver\Src\stm32f4xx_hal_dsi.c 0x00000000   Number         0  stm32f4xx_hal_dsi.o ABSOLUTE
    ..\Drivers\STM32F4xx_HAL_Driver\Src\stm32f4xx_hal_flash.c 0x00000000   Number         0  stm32f4xx_hal_flash.o ABSOLUTE
    ..\Drivers\STM32F4xx_HAL_Driver\Src\stm32f4xx_hal_flash_ex.c 0x00000000   Number         0  stm32f4xx_hal_flash_ex.o ABSOLUTE
    ..\Drivers\STM32F4xx_HAL_Driver\Src\stm32f4xx_hal_flash_ramfunc.c 0x00000000   Number         0  stm32f4xx_hal_flash_ramfunc.o ABSOLUTE
    ..\Drivers\STM32F4xx_HAL_Driver\Src\stm32f4xx_hal_gpio.c 0x00000000   Number         0  stm32f4xx_hal_gpio.o ABSOLUTE
    ..\Drivers\STM32F4xx_HAL_Driver\Src\stm32f4xx_hal_i2c.c 0x00000000   Number         0  stm32f4xx_hal_i2c.o ABSOLUTE
    ..\Drivers\STM32F4xx_HAL_Driver\Src\stm32f4xx_hal_i2c_ex.c 0x00000000   Number         0  stm32f4xx_hal_i2c_ex.o ABSOLUTE
    ..\Drivers\STM32F4xx_HAL_Driver\Src\stm32f4xx_hal_ltdc.c 0x00000000   Number         0  stm32f4xx_hal_ltdc.o ABSOLUTE
    ..\Drivers\STM32F4xx_HAL_Driver\Src\stm32f4xx_hal_ltdc_ex.c 0x00000000   Number         0  stm32f4xx_hal_ltdc_ex.o ABSOLUTE
    ..\Drivers\STM32F4xx_HAL_Driver\Src\stm32f4xx_hal_pwr.c 0x00000000   Number         0  stm32f4xx_hal_pwr.o ABSOLUTE
    ..\Drivers\STM32F4xx_HAL_Driver\Src\stm32f4xx_hal_pwr_ex.c 0x00000000   Number         0  stm32f4xx_hal_pwr_ex.o ABSOLUTE
    ..\Drivers\STM32F4xx_HAL_Driver\Src\stm32f4xx_hal_rcc.c 0x00000000   Number         0  stm32f4xx_hal_rcc.o ABSOLUTE
    ..\Drivers\STM32F4xx_HAL_Driver\Src\stm32f4xx_hal_rcc_ex.c 0x00000000   Number         0  stm32f4xx_hal_rcc_ex.o ABSOLUTE
    ..\Drivers\STM32F4xx_HAL_Driver\Src\stm32f4xx_hal_sdram.c 0x00000000   Number         0  stm32f4xx_hal_sdram.o ABSOLUTE
    ..\Drivers\STM32F4xx_HAL_Driver\Src\stm32f4xx_hal_spi.c 0x00000000   Number         0  stm32f4xx_hal_spi.o ABSOLUTE
    ..\Drivers\STM32F4xx_HAL_Driver\Src\stm32f4xx_hal_tim.c 0x00000000   Number         0  stm32f4xx_hal_tim.o ABSOLUTE
    ..\Drivers\STM32F4xx_HAL_Driver\Src\stm32f4xx_hal_tim_ex.c 0x00000000   Number         0  stm32f4xx_hal_tim_ex.o ABSOLUTE
    ..\Drivers\STM32F4xx_HAL_Driver\Src\stm32f4xx_hal_uart.c 0x00000000   Number         0  stm32f4xx_hal_uart.o ABSOLUTE
    ..\Drivers\STM32F4xx_HAL_Driver\Src\stm32f4xx_ll_fmc.c 0x00000000   Number         0  stm32f4xx_ll_fmc.o ABSOLUTE
    ..\Src\main.c                            0x00000000   Number         0  main.o ABSOLUTE
    ..\Src\stm32f4xx_hal_msp.c               0x00000000   Number         0  stm32f4xx_hal_msp.o ABSOLUTE
    ..\Src\stm32f4xx_it.c                    0x00000000   Number         0  stm32f4xx_it.o ABSOLUTE
    ..\\Drivers\\BSP\\STM32F429I-Discovery\\stm32f429i_discovery.c 0x00000000   Number         0  stm32f429i_discovery.o ABSOLUTE
    ..\\Drivers\\BSP\\STM32F429I-Discovery\\stm32f429i_discovery_lcd.c 0x00000000   Number         0  stm32f429i_discovery_lcd.o ABSOLUTE
    ..\\Drivers\\BSP\\STM32F429I-Discovery\\stm32f429i_discovery_sdram.c 0x00000000   Number         0  stm32f429i_discovery_sdram.o ABSOLUTE
    cdrcmple.s                               0x00000000   Number         0  cdrcmple.o ABSOLUTE
    dc.s                                     0x00000000   Number         0  dc.o ABSOLUTE
    handlers.s                               0x00000000   Number         0  handlers.o ABSOLUTE
    init.s                                   0x00000000   Number         0  init.o ABSOLUTE
    startup_stm32f429xx.s                    0x00000000   Number         0  startup_stm32f429xx.o ABSOLUTE
    RESET                                    0x08000000   Section      428  startup_stm32f429xx.o(RESET)
    .ARM.Collect$$$$00000000                 0x080001ac   Section        0  entry.o(.ARM.Collect$$$$00000000)
    .ARM.Collect$$$$00000001                 0x080001ac   Section        4  entry2.o(.ARM.Collect$$$$00000001)
    .ARM.Collect$$$$00000004                 0x080001b0   Section        4  entry5.o(.ARM.Collect$$$$00000004)
    .ARM.Collect$$$$00000008                 0x080001b4   Section        0  entry7b.o(.ARM.Collect$$$$00000008)
    .ARM.Collect$$$$0000000A                 0x080001b4   Section        0  entry8b.o(.ARM.Collect$$$$0000000A)
    .ARM.Collect$$$$0000000B                 0x080001b4   Section        8  entry9a.o(.ARM.Collect$$$$0000000B)
    .ARM.Collect$$$$0000000D                 0x080001bc   Section        0  entry10a.o(.ARM.Collect$$$$0000000D)
    .ARM.Collect$$$$0000000F                 0x080001bc   Section        0  entry11a.o(.ARM.Collect$$$$0000000F)
    .ARM.Collect$$$$00002712                 0x080001bc   Section        4  entry2.o(.ARM.Collect$$$$00002712)
    __lit__00000000                          0x080001bc   Data           4  entry2.o(.ARM.Collect$$$$00002712)
    .text                                    0x080001c0   Section       36  startup_stm32f429xx.o(.text)
    $v0                                      0x080001c0   Number         0  startup_stm32f429xx.o(.text)
    .text                                    0x080001e4   Section        0  memcpya.o(.text)
    .text                                    0x08000208   Section        0  memseta.o(.text)
    .text                                    0x0800022c   Section        0  strcat.o(.text)
    .text                                    0x08000244   Section        0  uidiv.o(.text)
    .text                                    0x08000270   Section       36  init.o(.text)
    i.BSP_LCD_Clear                          0x08000294   Section        0  stm32f429i_discovery_lcd.o(i.BSP_LCD_Clear)
    i.BSP_LCD_ClearStringLine                0x080002d4   Section        0  stm32f429i_discovery_lcd.o(i.BSP_LCD_ClearStringLine)
    i.BSP_LCD_DisplayChar                    0x08000360   Section        0  stm32f429i_discovery_lcd.o(i.BSP_LCD_DisplayChar)
    i.BSP_LCD_DisplayOn                      0x080003c8   Section        0  stm32f429i_discovery_lcd.o(i.BSP_LCD_DisplayOn)
    i.BSP_LCD_DisplayStringAt                0x080003e0   Section        0  stm32f429i_discovery_lcd.o(i.BSP_LCD_DisplayStringAt)
    i.BSP_LCD_DisplayStringAtLine            0x080004f8   Section        0  stm32f429i_discovery_lcd.o(i.BSP_LCD_DisplayStringAtLine)
    i.BSP_LCD_DrawLine                       0x08000518   Section        0  stm32f429i_discovery_lcd.o(i.BSP_LCD_DrawLine)
    i.BSP_LCD_DrawPixel                      0x08000654   Section        0  stm32f429i_discovery_lcd.o(i.BSP_LCD_DrawPixel)
    i.BSP_LCD_FillRect                       0x08000688   Section        0  stm32f429i_discovery_lcd.o(i.BSP_LCD_FillRect)
    i.BSP_LCD_GetFont                        0x08000704   Section        0  stm32f429i_discovery_lcd.o(i.BSP_LCD_GetFont)
    i.BSP_LCD_GetXSize                       0x08000720   Section        0  stm32f429i_discovery_lcd.o(i.BSP_LCD_GetXSize)
    i.BSP_LCD_GetYSize                       0x08000730   Section        0  stm32f429i_discovery_lcd.o(i.BSP_LCD_GetYSize)
    i.BSP_LCD_Init                           0x08000740   Section        0  stm32f429i_discovery_lcd.o(i.BSP_LCD_Init)
    i.BSP_LCD_LayerDefaultInit               0x080007e8   Section        0  stm32f429i_discovery_lcd.o(i.BSP_LCD_LayerDefaultInit)
    i.BSP_LCD_SelectLayer                    0x08000880   Section        0  stm32f429i_discovery_lcd.o(i.BSP_LCD_SelectLayer)
    i.BSP_LCD_SetFont                        0x0800088c   Section        0  stm32f429i_discovery_lcd.o(i.BSP_LCD_SetFont)
    i.BSP_LCD_SetTextColor                   0x080008a8   Section        0  stm32f429i_discovery_lcd.o(i.BSP_LCD_SetTextColor)
    i.BSP_SDRAM_Init                         0x080008c0   Section        0  stm32f429i_discovery_sdram.o(i.BSP_SDRAM_Init)
    i.BSP_SDRAM_Initialization_sequence      0x08000938   Section        0  stm32f429i_discovery_sdram.o(i.BSP_SDRAM_Initialization_sequence)
    i.BusFault_Handler                       0x080009d0   Section        0  stm32f4xx_it.o(i.BusFault_Handler)
    i.DMA2D_SetConfig                        0x080009d4   Section        0  stm32f4xx_hal_dma2d.o(i.DMA2D_SetConfig)
    DMA2D_SetConfig                          0x080009d5   Thumb Code   258  stm32f4xx_hal_dma2d.o(i.DMA2D_SetConfig)
    i.DMA_CalcBaseAndBitshift                0x08000adc   Section        0  stm32f4xx_hal_dma.o(i.DMA_CalcBaseAndBitshift)
    DMA_CalcBaseAndBitshift                  0x08000add   Thumb Code    46  stm32f4xx_hal_dma.o(i.DMA_CalcBaseAndBitshift)
    i.DMA_CheckFifoParam                     0x08000b10   Section        0  stm32f4xx_hal_dma.o(i.DMA_CheckFifoParam)
    DMA_CheckFifoParam                       0x08000b11   Thumb Code   186  stm32f4xx_hal_dma.o(i.DMA_CheckFifoParam)
    i.DebugMon_Handler                       0x08000bca   Section        0  stm32f4xx_it.o(i.DebugMon_Handler)
    i.DrawChar                               0x08000bcc   Section        0  stm32f429i_discovery_lcd.o(i.DrawChar)
    DrawChar                                 0x08000bcd   Thumb Code   256  stm32f429i_discovery_lcd.o(i.DrawChar)
    i.Error_Handler                          0x08000cd4   Section        0  main.o(i.Error_Handler)
    i.FMC_SDRAM_Init                         0x08000cd8   Section        0  stm32f4xx_ll_fmc.o(i.FMC_SDRAM_Init)
    i.FMC_SDRAM_ProgramRefreshRate           0x08000d4c   Section        0  stm32f4xx_ll_fmc.o(i.FMC_SDRAM_ProgramRefreshRate)
    i.FMC_SDRAM_SendCommand                  0x08000d5a   Section        0  stm32f4xx_ll_fmc.o(i.FMC_SDRAM_SendCommand)
    i.FMC_SDRAM_Timing_Init                  0x08000dac   Section        0  stm32f4xx_ll_fmc.o(i.FMC_SDRAM_Timing_Init)
    i.FillBuffer                             0x08000e48   Section        0  stm32f429i_discovery_lcd.o(i.FillBuffer)
    FillBuffer                               0x08000e49   Thumb Code    86  stm32f429i_discovery_lcd.o(i.FillBuffer)
    i.HAL_DMA2D_ConfigLayer                  0x08000ea8   Section        0  stm32f4xx_hal_dma2d.o(i.HAL_DMA2D_ConfigLayer)
    i.HAL_DMA2D_Init                         0x08000fa8   Section        0  stm32f4xx_hal_dma2d.o(i.HAL_DMA2D_Init)
    i.HAL_DMA2D_MspInit                      0x08001008   Section        0  stm32f4xx_hal_msp.o(i.HAL_DMA2D_MspInit)
    i.HAL_DMA2D_PollForTransfer              0x0800103c   Section        0  stm32f4xx_hal_dma2d.o(i.HAL_DMA2D_PollForTransfer)
    i.HAL_DMA2D_Start                        0x080011a4   Section        0  stm32f4xx_hal_dma2d.o(i.HAL_DMA2D_Start)
    i.HAL_DMA_Abort_IT                       0x080011f2   Section        0  stm32f4xx_hal_dma.o(i.HAL_DMA_Abort_IT)
    i.HAL_DMA_DeInit                         0x0800121a   Section        0  stm32f4xx_hal_dma.o(i.HAL_DMA_DeInit)
    i.HAL_DMA_Init                           0x0800127c   Section        0  stm32f4xx_hal_dma.o(i.HAL_DMA_Init)
    i.HAL_Delay                              0x08001364   Section        0  stm32f4xx_hal.o(i.HAL_Delay)
    i.HAL_FMC_MspInit                        0x08001380   Section        0  stm32f4xx_hal_msp.o(i.HAL_FMC_MspInit)
    HAL_FMC_MspInit                          0x08001381   Thumb Code   232  stm32f4xx_hal_msp.o(i.HAL_FMC_MspInit)
    i.HAL_GPIO_DeInit                        0x08001488   Section        0  stm32f4xx_hal_gpio.o(i.HAL_GPIO_DeInit)
    i.HAL_GPIO_Init                          0x08001608   Section        0  stm32f4xx_hal_gpio.o(i.HAL_GPIO_Init)
    i.HAL_GPIO_ReadPin                       0x08001824   Section        0  stm32f4xx_hal_gpio.o(i.HAL_GPIO_ReadPin)
    i.HAL_GPIO_WritePin                      0x08001834   Section        0  stm32f4xx_hal_gpio.o(i.HAL_GPIO_WritePin)
    i.HAL_GetTick                            0x08001840   Section        0  stm32f4xx_hal.o(i.HAL_GetTick)
    i.HAL_I2C_Init                           0x0800184c   Section        0  stm32f4xx_hal_i2c.o(i.HAL_I2C_Init)
    i.HAL_I2C_MspInit                        0x08001974   Section        0  stm32f4xx_hal_msp.o(i.HAL_I2C_MspInit)
    i.HAL_IncTick                            0x080019f0   Section        0  stm32f4xx_hal.o(i.HAL_IncTick)
    i.HAL_Init                               0x08001a00   Section        0  stm32f4xx_hal.o(i.HAL_Init)
    i.HAL_InitTick                           0x08001a3c   Section        0  stm32f4xx_hal.o(i.HAL_InitTick)
    i.HAL_LTDC_ConfigLayer                   0x08001a64   Section        0  stm32f4xx_hal_ltdc.o(i.HAL_LTDC_ConfigLayer)
    i.HAL_LTDC_EnableDither                  0x08001ac4   Section        0  stm32f4xx_hal_ltdc.o(i.HAL_LTDC_EnableDither)
    i.HAL_LTDC_Init                          0x08001b08   Section        0  stm32f4xx_hal_ltdc.o(i.HAL_LTDC_Init)
    i.HAL_LTDC_MspInit                       0x08001c30   Section        0  stm32f4xx_hal_msp.o(i.HAL_LTDC_MspInit)
    i.HAL_MspInit                            0x08001d5c   Section        0  stm32f4xx_hal_msp.o(i.HAL_MspInit)
    i.HAL_NVIC_DisableIRQ                    0x08001db4   Section        0  stm32f4xx_hal_cortex.o(i.HAL_NVIC_DisableIRQ)
    i.HAL_NVIC_EnableIRQ                     0x08001dd0   Section        0  stm32f4xx_hal_cortex.o(i.HAL_NVIC_EnableIRQ)
    i.HAL_NVIC_SetPriority                   0x08001dea   Section        0  stm32f4xx_hal_cortex.o(i.HAL_NVIC_SetPriority)
    i.HAL_NVIC_SetPriorityGrouping           0x08001e68   Section        0  stm32f4xx_hal_cortex.o(i.HAL_NVIC_SetPriorityGrouping)
    i.HAL_PWREx_EnableOverDrive              0x08001e90   Section        0  stm32f4xx_hal_pwr_ex.o(i.HAL_PWREx_EnableOverDrive)
    i.HAL_RCCEx_PeriphCLKConfig              0x08001f34   Section        0  stm32f4xx_hal_rcc_ex.o(i.HAL_RCCEx_PeriphCLKConfig)
    i.HAL_RCC_ClockConfig                    0x080022a4   Section        0  stm32f4xx_hal_rcc.o(i.HAL_RCC_ClockConfig)
    i.HAL_RCC_GetHCLKFreq                    0x08002474   Section        0  stm32f4xx_hal_rcc.o(i.HAL_RCC_GetHCLKFreq)
    i.HAL_RCC_GetPCLK1Freq                   0x08002480   Section        0  stm32f4xx_hal_rcc.o(i.HAL_RCC_GetPCLK1Freq)
    i.HAL_RCC_GetPCLK2Freq                   0x080024ac   Section        0  stm32f4xx_hal_rcc.o(i.HAL_RCC_GetPCLK2Freq)
    i.HAL_RCC_GetSysClockFreq                0x080024d8   Section        0  stm32f4xx_hal_rcc.o(i.HAL_RCC_GetSysClockFreq)
    i.HAL_RCC_OscConfig                      0x0800258c   Section        0  stm32f4xx_hal_rcc.o(i.HAL_RCC_OscConfig)
    i.HAL_SDRAM_Init                         0x08002928   Section        0  stm32f4xx_hal_sdram.o(i.HAL_SDRAM_Init)
    i.HAL_SDRAM_MspInit                      0x08002968   Section        0  stm32f4xx_hal_msp.o(i.HAL_SDRAM_MspInit)
    i.HAL_SDRAM_ProgramRefreshRate           0x08002972   Section        0  stm32f4xx_hal_sdram.o(i.HAL_SDRAM_ProgramRefreshRate)
    i.HAL_SDRAM_SendCommand                  0x0800299a   Section        0  stm32f4xx_hal_sdram.o(i.HAL_SDRAM_SendCommand)
    i.HAL_SPI_DeInit                         0x080029d4   Section        0  stm32f4xx_hal_spi.o(i.HAL_SPI_DeInit)
    i.HAL_SPI_GetState                       0x08002a0a   Section        0  stm32f4xx_hal_spi.o(i.HAL_SPI_GetState)
    i.HAL_SPI_Init                           0x08002a12   Section        0  stm32f4xx_hal_spi.o(i.HAL_SPI_Init)
    i.HAL_SPI_MspDeInit                      0x08002aa0   Section        0  stm32f4xx_hal_msp.o(i.HAL_SPI_MspDeInit)
    i.HAL_SPI_MspInit                        0x08002ad0   Section        0  stm32f4xx_hal_msp.o(i.HAL_SPI_MspInit)
    i.HAL_SPI_Receive                        0x08002b2c   Section        0  stm32f4xx_hal_spi.o(i.HAL_SPI_Receive)
    i.HAL_SPI_Transmit                       0x08002c98   Section        0  stm32f4xx_hal_spi.o(i.HAL_SPI_Transmit)
    i.HAL_SPI_TransmitReceive                0x08002e3e   Section        0  stm32f4xx_hal_spi.o(i.HAL_SPI_TransmitReceive)
    i.HAL_SYSTICK_CLKSourceConfig            0x0800305c   Section        0  stm32f4xx_hal_cortex.o(i.HAL_SYSTICK_CLKSourceConfig)
    i.HAL_SYSTICK_Callback                   0x08003084   Section        0  stm32f4xx_hal_cortex.o(i.HAL_SYSTICK_Callback)
    i.HAL_SYSTICK_Config                     0x08003086   Section        0  stm32f4xx_hal_cortex.o(i.HAL_SYSTICK_Config)
    i.HAL_SYSTICK_IRQHandler                 0x080030ba   Section        0  stm32f4xx_hal_cortex.o(i.HAL_SYSTICK_IRQHandler)
    i.HAL_UART_DeInit                        0x080030c2   Section        0  stm32f4xx_hal_uart.o(i.HAL_UART_DeInit)
    i.HAL_UART_ErrorCallback                 0x080030f0   Section        0  main.o(i.HAL_UART_ErrorCallback)
    i.HAL_UART_IRQHandler                    0x08003124   Section        0  stm32f4xx_hal_uart.o(i.HAL_UART_IRQHandler)
    i.HAL_UART_Init                          0x0800326c   Section        0  stm32f4xx_hal_uart.o(i.HAL_UART_Init)
    i.HAL_UART_MspDeInit                     0x080032e0   Section        0  stm32f4xx_hal_msp.o(i.HAL_UART_MspDeInit)
    i.HAL_UART_MspInit                       0x08003318   Section        0  stm32f4xx_hal_msp.o(i.HAL_UART_MspInit)
    i.HAL_UART_Receive_IT                    0x08003384   Section        0  stm32f4xx_hal_uart.o(i.HAL_UART_Receive_IT)
    i.HAL_UART_RxCpltCallback                0x080033f4   Section        0  main.o(i.HAL_UART_RxCpltCallback)
    i.HAL_UART_TxCpltCallback                0x08003434   Section        0  stm32f4xx_hal_uart.o(i.HAL_UART_TxCpltCallback)
    i.HardFault_Handler                      0x08003436   Section        0  stm32f4xx_it.o(i.HardFault_Handler)
    i.LCD_Delay                              0x0800343a   Section        0  stm32f429i_discovery.o(i.LCD_Delay)
    i.LCD_IO_Init                            0x08003448   Section        0  stm32f429i_discovery.o(i.LCD_IO_Init)
    i.LCD_IO_ReadData                        0x08003530   Section        0  stm32f429i_discovery.o(i.LCD_IO_ReadData)
    i.LCD_IO_WriteData                       0x0800357c   Section        0  stm32f429i_discovery.o(i.LCD_IO_WriteData)
    i.LCD_IO_WriteReg                        0x080035b0   Section        0  stm32f429i_discovery.o(i.LCD_IO_WriteReg)
    i.LTDC_SetConfig                         0x080035e4   Section        0  stm32f4xx_hal_ltdc.o(i.LTDC_SetConfig)
    LTDC_SetConfig                           0x080035e5   Thumb Code   530  stm32f4xx_hal_ltdc.o(i.LTDC_SetConfig)
    i.MX_DMA2D_Init                          0x080037f8   Section        0  main.o(i.MX_DMA2D_Init)
    MX_DMA2D_Init                            0x080037f9   Thumb Code    60  main.o(i.MX_DMA2D_Init)
    i.MX_FMC_Init                            0x0800383c   Section        0  main.o(i.MX_FMC_Init)
    MX_FMC_Init                              0x0800383d   Thumb Code    78  main.o(i.MX_FMC_Init)
    i.MX_GPIO_Init                           0x08003894   Section        0  main.o(i.MX_GPIO_Init)
    MX_GPIO_Init                             0x08003895   Thumb Code   286  main.o(i.MX_GPIO_Init)
    i.MX_I2C3_Init                           0x080039bc   Section        0  main.o(i.MX_I2C3_Init)
    MX_I2C3_Init                             0x080039bd   Thumb Code    48  main.o(i.MX_I2C3_Init)
    i.MX_LTDC_Init                           0x080039f8   Section        0  main.o(i.MX_LTDC_Init)
    MX_LTDC_Init                             0x080039f9   Thumb Code   218  main.o(i.MX_LTDC_Init)
    i.MX_SPI5_Init                           0x08003adc   Section        0  main.o(i.MX_SPI5_Init)
    MX_SPI5_Init                             0x08003add   Thumb Code    58  main.o(i.MX_SPI5_Init)
    i.MX_USART1_UART_Init                    0x08003b20   Section        0  main.o(i.MX_USART1_UART_Init)
    MX_USART1_UART_Init                      0x08003b21   Thumb Code    46  main.o(i.MX_USART1_UART_Init)
    i.MemManage_Handler                      0x08003b58   Section        0  stm32f4xx_it.o(i.MemManage_Handler)
    i.MspInit                                0x08003b5c   Section        0  stm32f429i_discovery_lcd.o(i.MspInit)
    MspInit                                  0x08003b5d   Thumb Code   384  stm32f429i_discovery_lcd.o(i.MspInit)
    i.MspInit                                0x08003cf8   Section        0  stm32f429i_discovery_sdram.o(i.MspInit)
    MspInit                                  0x08003cf9   Thumb Code   446  stm32f429i_discovery_sdram.o(i.MspInit)
    i.NMI_Handler                            0x08003ee0   Section        0  stm32f4xx_it.o(i.NMI_Handler)
    i.NVIC_GetPriorityGrouping               0x08003ee4   Section        0  stm32f4xx_hal_cortex.o(i.NVIC_GetPriorityGrouping)
    NVIC_GetPriorityGrouping                 0x08003ee5   Thumb Code    10  stm32f4xx_hal_cortex.o(i.NVIC_GetPriorityGrouping)
    i.NVIC_SetPriority                       0x08003ef4   Section        0  stm32f4xx_hal_cortex.o(i.NVIC_SetPriority)
    NVIC_SetPriority                         0x08003ef5   Thumb Code    32  stm32f4xx_hal_cortex.o(i.NVIC_SetPriority)
    i.PendSV_Handler                         0x08003f1c   Section        0  stm32f4xx_it.o(i.PendSV_Handler)
    i.SPI_CheckFlag_BSY                      0x08003f1e   Section        0  stm32f4xx_hal_spi.o(i.SPI_CheckFlag_BSY)
    SPI_CheckFlag_BSY                        0x08003f1f   Thumb Code    40  stm32f4xx_hal_spi.o(i.SPI_CheckFlag_BSY)
    i.SPI_WaitFlagStateUntilTimeout          0x08003f46   Section        0  stm32f4xx_hal_spi.o(i.SPI_WaitFlagStateUntilTimeout)
    SPI_WaitFlagStateUntilTimeout            0x08003f47   Thumb Code   170  stm32f4xx_hal_spi.o(i.SPI_WaitFlagStateUntilTimeout)
    i.SPIx_Error                             0x08003ff0   Section        0  stm32f429i_discovery.o(i.SPIx_Error)
    SPIx_Error                               0x08003ff1   Thumb Code    14  stm32f429i_discovery.o(i.SPIx_Error)
    i.SPIx_Init                              0x08004004   Section        0  stm32f429i_discovery.o(i.SPIx_Init)
    SPIx_Init                                0x08004005   Thumb Code    74  stm32f429i_discovery.o(i.SPIx_Init)
    i.SPIx_MspInit                           0x08004058   Section        0  stm32f429i_discovery.o(i.SPIx_MspInit)
    SPIx_MspInit                             0x08004059   Thumb Code   106  stm32f429i_discovery.o(i.SPIx_MspInit)
    i.SPIx_Read                              0x080040cc   Section        0  stm32f429i_discovery.o(i.SPIx_Read)
    SPIx_Read                                0x080040cd   Thumb Code    32  stm32f429i_discovery.o(i.SPIx_Read)
    i.SPIx_Write                             0x080040f4   Section        0  stm32f429i_discovery.o(i.SPIx_Write)
    SPIx_Write                               0x080040f5   Thumb Code    28  stm32f429i_discovery.o(i.SPIx_Write)
    i.SVC_Handler                            0x08004118   Section        0  stm32f4xx_it.o(i.SVC_Handler)
    i.SysTick_Handler                        0x0800411c   Section        0  stm32f4xx_it.o(i.SysTick_Handler)
    i.SystemClock_Config                     0x0800419c   Section        0  main.o(i.SystemClock_Config)
    i.SystemInit                             0x08004284   Section        0  system_stm32f4xx.o(i.SystemInit)
    i.UART_DMAAbortOnError                   0x080042e8   Section        0  stm32f4xx_hal_uart.o(i.UART_DMAAbortOnError)
    UART_DMAAbortOnError                     0x080042e9   Thumb Code    20  stm32f4xx_hal_uart.o(i.UART_DMAAbortOnError)
    i.UART_EndRxTransfer                     0x080042fc   Section        0  stm32f4xx_hal_uart.o(i.UART_EndRxTransfer)
    UART_EndRxTransfer                       0x080042fd   Thumb Code    32  stm32f4xx_hal_uart.o(i.UART_EndRxTransfer)
    i.UART_EndTransmit_IT                    0x0800431c   Section        0  stm32f4xx_hal_uart.o(i.UART_EndTransmit_IT)
    UART_EndTransmit_IT                      0x0800431d   Thumb Code    32  stm32f4xx_hal_uart.o(i.UART_EndTransmit_IT)
    i.UART_Receive_IT                        0x0800433c   Section        0  stm32f4xx_hal_uart.o(i.UART_Receive_IT)
    UART_Receive_IT                          0x0800433d   Thumb Code   154  stm32f4xx_hal_uart.o(i.UART_Receive_IT)
    i.UART_SetConfig                         0x080043d8   Section        0  stm32f4xx_hal_uart.o(i.UART_SetConfig)
    UART_SetConfig                           0x080043d9   Thumb Code   864  stm32f4xx_hal_uart.o(i.UART_SetConfig)
    i.UART_Transmit_IT                       0x08004740   Section        0  stm32f4xx_hal_uart.o(i.UART_Transmit_IT)
    UART_Transmit_IT                         0x08004741   Thumb Code   104  stm32f4xx_hal_uart.o(i.UART_Transmit_IT)
    i.USART1_IRQHandler                      0x080047a8   Section        0  stm32f4xx_it.o(i.USART1_IRQHandler)
    i.UsageFault_Handler                     0x080047b8   Section        0  stm32f4xx_it.o(i.UsageFault_Handler)
    i.__0sprintf$1                           0x080047bc   Section        0  printf1.o(i.__0sprintf$1)
    i.__scatterload_copy                     0x080047e4   Section       14  handlers.o(i.__scatterload_copy)
    i.__scatterload_null                     0x080047f2   Section        2  handlers.o(i.__scatterload_null)
    i.__scatterload_zeroinit                 0x080047f4   Section       14  handlers.o(i.__scatterload_zeroinit)
    i._printf_core                           0x08004804   Section        0  printf1.o(i._printf_core)
    _printf_core                             0x08004805   Thumb Code   336  printf1.o(i._printf_core)
    i._sputc                                 0x08004958   Section        0  printf1.o(i._sputc)
    _sputc                                   0x08004959   Thumb Code    10  printf1.o(i._sputc)
    i.choose_speed                           0x08004964   Section        0  stm32f4xx_it.o(i.choose_speed)
    i.ili9341_DisplayOff                     0x080049bc   Section        0  ili9341.o(i.ili9341_DisplayOff)
    i.ili9341_DisplayOn                      0x080049c6   Section        0  ili9341.o(i.ili9341_DisplayOn)
    i.ili9341_GetLcdPixelHeight              0x080049d0   Section        0  ili9341.o(i.ili9341_GetLcdPixelHeight)
    i.ili9341_GetLcdPixelWidth               0x080049d6   Section        0  ili9341.o(i.ili9341_GetLcdPixelWidth)
    i.ili9341_Init                           0x080049da   Section        0  ili9341.o(i.ili9341_Init)
    i.ili9341_ReadData                       0x08004c6a   Section        0  ili9341.o(i.ili9341_ReadData)
    i.ili9341_ReadID                         0x08004c7a   Section        0  ili9341.o(i.ili9341_ReadID)
    i.ili9341_WriteData                      0x08004c8c   Section        0  ili9341.o(i.ili9341_WriteData)
    i.ili9341_WriteReg                       0x08004c98   Section        0  ili9341.o(i.ili9341_WriteReg)
    i.main                                   0x08004ca4   Section        0  main.o(i.main)
    i.print_speed                            0x08004d24   Section        0  stm32f4xx_it.o(i.print_speed)
    i.print_string                           0x08004d70   Section        0  main.o(i.print_string)
    .constdata                               0x08004dc4   Section        8  stm32f4xx_hal_dma.o(.constdata)
    flagBitshiftOffset                       0x08004dc4   Data           8  stm32f4xx_hal_dma.o(.constdata)
    .constdata                               0x08004dcc   Section       16  stm32f4xx_hal_rcc.o(.constdata)
    .constdata                               0x08004ddc   Section       20  stm32f4xx_it.o(.constdata)
    .constdata                               0x08004df0   Section    15580  stm32f429i_discovery_lcd.o(.constdata)
    .data                                    0x20000000   Section        4  stm32f4xx_hal.o(.data)
    .data                                    0x20000004   Section       26  stm32f4xx_it.o(.data)
    .data                                    0x2000001e   Section        4  main.o(.data)
    .data                                    0x20000024   Section        8  stm32f4xx_hal_msp.o(.data)
    FMC_Initialized                          0x20000024   Data           4  stm32f4xx_hal_msp.o(.data)
    FMC_DeInitialized                        0x20000028   Data           4  stm32f4xx_hal_msp.o(.data)
    .data                                    0x2000002c   Section        4  system_stm32f4xx.o(.data)
    .data                                    0x20000030   Section       56  ili9341.o(.data)
    .data                                    0x20000068   Section       21  stm32f429i_discovery.o(.data)
    Is_LCD_IO_Initialized                    0x2000007c   Data           1  stm32f429i_discovery.o(.data)
    .data                                    0x20000080   Section       48  stm32f429i_discovery_lcd.o(.data)
    ActiveLayer                              0x200000a8   Data           4  stm32f429i_discovery_lcd.o(.data)
    .bss                                     0x200000b0   Section      620  main.o(.bss)
    .bss                                     0x2000031c   Section      172  stm32f429i_discovery.o(.bss)
    SpiHandle                                0x20000370   Data          88  stm32f429i_discovery.o(.bss)
    .bss                                     0x200003c8   Section      304  stm32f429i_discovery_lcd.o(.bss)
    Dma2dHandler                             0x20000470   Data          64  stm32f429i_discovery_lcd.o(.bss)
    PeriphClkInitStruct                      0x200004b0   Data          48  stm32f429i_discovery_lcd.o(.bss)
    DrawProp                                 0x200004e0   Data          24  stm32f429i_discovery_lcd.o(.bss)
    .bss                                     0x200004f8   Section      192  stm32f429i_discovery_sdram.o(.bss)
    SdramHandle                              0x200004f8   Data          52  stm32f429i_discovery_sdram.o(.bss)
    Timing                                   0x2000052c   Data          28  stm32f429i_discovery_sdram.o(.bss)
    Command                                  0x20000548   Data          16  stm32f429i_discovery_sdram.o(.bss)
    dmaHandle                                0x20000558   Data          96  stm32f429i_discovery_sdram.o(.bss)
    STACK                                    0x200005b8   Section     1024  startup_stm32f429xx.o(STACK)

    Global Symbols

    Symbol Name                              Value     Ov Type        Size  Object(Section)

    BuildAttributes$$THM_ISAv4$E$P$D$K$B$S$7EM$VFPi3$EXTD16$VFPS$VFMA$PE$A:L22UL41UL21$X:L11$S22US41US21$IEEE1$IW$USESV6$~STKCKD$USESV7$~SHL$OSPACE$ROPI$EBA8$MICROLIB$REQ8$PRES8$EABIv2 0x00000000   Number         0  anon$$obj.o ABSOLUTE
    __ARM_use_no_argv                        0x00000000   Number         0  main.o ABSOLUTE
    _printf_a                                0x00000000   Number         0  stubs.o ABSOLUTE
    _printf_c                                0x00000000   Number         0  stubs.o ABSOLUTE
    _printf_charcount                        0x00000000   Number         0  stubs.o ABSOLUTE
    _printf_d                                0x00000000   Number         0  stubs.o ABSOLUTE
    _printf_e                                0x00000000   Number         0  stubs.o ABSOLUTE
    _printf_f                                0x00000000   Number         0  stubs.o ABSOLUTE
    _printf_flags                            0x00000000   Number         0  stubs.o ABSOLUTE
    _printf_fp_dec                           0x00000000   Number         0  stubs.o ABSOLUTE
    _printf_fp_hex                           0x00000000   Number         0  stubs.o ABSOLUTE
    _printf_g                                0x00000000   Number         0  stubs.o ABSOLUTE
    _printf_i                                0x00000000   Number         0  stubs.o ABSOLUTE
    _printf_int_dec                          0x00000000   Number         0  stubs.o ABSOLUTE
    _printf_l                                0x00000000   Number         0  stubs.o ABSOLUTE
    _printf_lc                               0x00000000   Number         0  stubs.o ABSOLUTE
    _printf_ll                               0x00000000   Number         0  stubs.o ABSOLUTE
    _printf_lld                              0x00000000   Number         0  stubs.o ABSOLUTE
    _printf_lli                              0x00000000   Number         0  stubs.o ABSOLUTE
    _printf_llo                              0x00000000   Number         0  stubs.o ABSOLUTE
    _printf_llu                              0x00000000   Number         0  stubs.o ABSOLUTE
    _printf_llx                              0x00000000   Number         0  stubs.o ABSOLUTE
    _printf_longlong_dec                     0x00000000   Number         0  stubs.o ABSOLUTE
    _printf_longlong_hex                     0x00000000   Number         0  stubs.o ABSOLUTE
    _printf_longlong_oct                     0x00000000   Number         0  stubs.o ABSOLUTE
    _printf_ls                               0x00000000   Number         0  stubs.o ABSOLUTE
    _printf_mbtowc                           0x00000000   Number         0  stubs.o ABSOLUTE
    _printf_n                                0x00000000   Number         0  stubs.o ABSOLUTE
    _printf_o                                0x00000000   Number         0  stubs.o ABSOLUTE
    _printf_p                                0x00000000   Number         0  stubs.o ABSOLUTE
    _printf_percent                          0x00000000   Number         0  stubs.o ABSOLUTE
    _printf_pre_padding                      0x00000000   Number         0  stubs.o ABSOLUTE
    _printf_return_value                     0x00000000   Number         0  stubs.o ABSOLUTE
    _printf_s                                0x00000000   Number         0  stubs.o ABSOLUTE
    _printf_sizespec                         0x00000000   Number         0  stubs.o ABSOLUTE
    _printf_str                              0x00000000   Number         0  stubs.o ABSOLUTE
    _printf_truncate_signed                  0x00000000   Number         0  stubs.o ABSOLUTE
    _printf_truncate_unsigned                0x00000000   Number         0  stubs.o ABSOLUTE
    _printf_u                                0x00000000   Number         0  stubs.o ABSOLUTE
    _printf_wc                               0x00000000   Number         0  stubs.o ABSOLUTE
    _printf_wctomb                           0x00000000   Number         0  stubs.o ABSOLUTE
    _printf_widthprec                        0x00000000   Number         0  stubs.o ABSOLUTE
    _printf_x                                0x00000000   Number         0  stubs.o ABSOLUTE
    __cpp_initialize__aeabi_                  - Undefined Weak Reference
    __cxa_finalize                            - Undefined Weak Reference
    __decompress                              - Undefined Weak Reference
    _clock_init                               - Undefined Weak Reference
    _microlib_exit                            - Undefined Weak Reference
    __Vectors_Size                           0x000001ac   Number         0  startup_stm32f429xx.o ABSOLUTE
    __Vectors                                0x08000000   Data           4  startup_stm32f429xx.o(RESET)
    __Vectors_End                            0x080001ac   Data           0  startup_stm32f429xx.o(RESET)
    __main                                   0x080001ad   Thumb Code     0  entry.o(.ARM.Collect$$$$00000000)
    _main_stk                                0x080001ad   Thumb Code     0  entry2.o(.ARM.Collect$$$$00000001)
    _main_scatterload                        0x080001b1   Thumb Code     0  entry5.o(.ARM.Collect$$$$00000004)
    __main_after_scatterload                 0x080001b5   Thumb Code     0  entry5.o(.ARM.Collect$$$$00000004)
    _main_clock                              0x080001b5   Thumb Code     0  entry7b.o(.ARM.Collect$$$$00000008)
    _main_cpp_init                           0x080001b5   Thumb Code     0  entry8b.o(.ARM.Collect$$$$0000000A)
    _main_init                               0x080001b5   Thumb Code     0  entry9a.o(.ARM.Collect$$$$0000000B)
    __rt_final_cpp                           0x080001bd   Thumb Code     0  entry10a.o(.ARM.Collect$$$$0000000D)
    __rt_final_exit                          0x080001bd   Thumb Code     0  entry11a.o(.ARM.Collect$$$$0000000F)
    Reset_Handler                            0x080001c1   Thumb Code     8  startup_stm32f429xx.o(.text)
    ADC_IRQHandler                           0x080001db   Thumb Code     0  startup_stm32f429xx.o(.text)
    CAN1_RX0_IRQHandler                      0x080001db   Thumb Code     0  startup_stm32f429xx.o(.text)
    CAN1_RX1_IRQHandler                      0x080001db   Thumb Code     0  startup_stm32f429xx.o(.text)
    CAN1_SCE_IRQHandler                      0x080001db   Thumb Code     0  startup_stm32f429xx.o(.text)
    CAN1_TX_IRQHandler                       0x080001db   Thumb Code     0  startup_stm32f429xx.o(.text)
    CAN2_RX0_IRQHandler                      0x080001db   Thumb Code     0  startup_stm32f429xx.o(.text)
    CAN2_RX1_IRQHandler                      0x080001db   Thumb Code     0  startup_stm32f429xx.o(.text)
    CAN2_SCE_IRQHandler                      0x080001db   Thumb Code     0  startup_stm32f429xx.o(.text)
    CAN2_TX_IRQHandler                       0x080001db   Thumb Code     0  startup_stm32f429xx.o(.text)
    DCMI_IRQHandler                          0x080001db   Thumb Code     0  startup_stm32f429xx.o(.text)
    DMA1_Stream0_IRQHandler                  0x080001db   Thumb Code     0  startup_stm32f429xx.o(.text)
    DMA1_Stream1_IRQHandler                  0x080001db   Thumb Code     0  startup_stm32f429xx.o(.text)
    DMA1_Stream2_IRQHandler                  0x080001db   Thumb Code     0  startup_stm32f429xx.o(.text)
    DMA1_Stream3_IRQHandler                  0x080001db   Thumb Code     0  startup_stm32f429xx.o(.text)
    DMA1_Stream4_IRQHandler                  0x080001db   Thumb Code     0  startup_stm32f429xx.o(.text)
    DMA1_Stream5_IRQHandler                  0x080001db   Thumb Code     0  startup_stm32f429xx.o(.text)
    DMA1_Stream6_IRQHandler                  0x080001db   Thumb Code     0  startup_stm32f429xx.o(.text)
    DMA1_Stream7_IRQHandler                  0x080001db   Thumb Code     0  startup_stm32f429xx.o(.text)
    DMA2D_IRQHandler                         0x080001db   Thumb Code     0  startup_stm32f429xx.o(.text)
    DMA2_Stream0_IRQHandler                  0x080001db   Thumb Code     0  startup_stm32f429xx.o(.text)
    DMA2_Stream1_IRQHandler                  0x080001db   Thumb Code     0  startup_stm32f429xx.o(.text)
    DMA2_Stream2_IRQHandler                  0x080001db   Thumb Code     0  startup_stm32f429xx.o(.text)
    DMA2_Stream3_IRQHandler                  0x080001db   Thumb Code     0  startup_stm32f429xx.o(.text)
    DMA2_Stream4_IRQHandler                  0x080001db   Thumb Code     0  startup_stm32f429xx.o(.text)
    DMA2_Stream5_IRQHandler                  0x080001db   Thumb Code     0  startup_stm32f429xx.o(.text)
    DMA2_Stream6_IRQHandler                  0x080001db   Thumb Code     0  startup_stm32f429xx.o(.text)
    DMA2_Stream7_IRQHandler                  0x080001db   Thumb Code     0  startup_stm32f429xx.o(.text)
    ETH_IRQHandler                           0x080001db   Thumb Code     0  startup_stm32f429xx.o(.text)
    ETH_WKUP_IRQHandler                      0x080001db   Thumb Code     0  startup_stm32f429xx.o(.text)
    EXTI0_IRQHandler                         0x080001db   Thumb Code     0  startup_stm32f429xx.o(.text)
    EXTI15_10_IRQHandler                     0x080001db   Thumb Code     0  startup_stm32f429xx.o(.text)
    EXTI1_IRQHandler                         0x080001db   Thumb Code     0  startup_stm32f429xx.o(.text)
    EXTI2_IRQHandler                         0x080001db   Thumb Code     0  startup_stm32f429xx.o(.text)
    EXTI3_IRQHandler                         0x080001db   Thumb Code     0  startup_stm32f429xx.o(.text)
    EXTI4_IRQHandler                         0x080001db   Thumb Code     0  startup_stm32f429xx.o(.text)
    EXTI9_5_IRQHandler                       0x080001db   Thumb Code     0  startup_stm32f429xx.o(.text)
    FLASH_IRQHandler                         0x080001db   Thumb Code     0  startup_stm32f429xx.o(.text)
    FMC_IRQHandler                           0x080001db   Thumb Code     0  startup_stm32f429xx.o(.text)
    FPU_IRQHandler                           0x080001db   Thumb Code     0  startup_stm32f429xx.o(.text)
    HASH_RNG_IRQHandler                      0x080001db   Thumb Code     0  startup_stm32f429xx.o(.text)
    I2C1_ER_IRQHandler                       0x080001db   Thumb Code     0  startup_stm32f429xx.o(.text)
    I2C1_EV_IRQHandler                       0x080001db   Thumb Code     0  startup_stm32f429xx.o(.text)
    I2C2_ER_IRQHandler                       0x080001db   Thumb Code     0  startup_stm32f429xx.o(.text)
    I2C2_EV_IRQHandler                       0x080001db   Thumb Code     0  startup_stm32f429xx.o(.text)
    I2C3_ER_IRQHandler                       0x080001db   Thumb Code     0  startup_stm32f429xx.o(.text)
    I2C3_EV_IRQHandler                       0x080001db   Thumb Code     0  startup_stm32f429xx.o(.text)
    LTDC_ER_IRQHandler                       0x080001db   Thumb Code     0  startup_stm32f429xx.o(.text)
    LTDC_IRQHandler                          0x080001db   Thumb Code     0  startup_stm32f429xx.o(.text)
    OTG_FS_IRQHandler                        0x080001db   Thumb Code     0  startup_stm32f429xx.o(.text)
    OTG_FS_WKUP_IRQHandler                   0x080001db   Thumb Code     0  startup_stm32f429xx.o(.text)
    OTG_HS_EP1_IN_IRQHandler                 0x080001db   Thumb Code     0  startup_stm32f429xx.o(.text)
    OTG_HS_EP1_OUT_IRQHandler                0x080001db   Thumb Code     0  startup_stm32f429xx.o(.text)
    OTG_HS_IRQHandler                        0x080001db   Thumb Code     0  startup_stm32f429xx.o(.text)
    OTG_HS_WKUP_IRQHandler                   0x080001db   Thumb Code     0  startup_stm32f429xx.o(.text)
    PVD_IRQHandler                           0x080001db   Thumb Code     0  startup_stm32f429xx.o(.text)
    RCC_IRQHandler                           0x080001db   Thumb Code     0  startup_stm32f429xx.o(.text)
    RTC_Alarm_IRQHandler                     0x080001db   Thumb Code     0  startup_stm32f429xx.o(.text)
    RTC_WKUP_IRQHandler                      0x080001db   Thumb Code     0  startup_stm32f429xx.o(.text)
    SAI1_IRQHandler                          0x080001db   Thumb Code     0  startup_stm32f429xx.o(.text)
    SDIO_IRQHandler                          0x080001db   Thumb Code     0  startup_stm32f429xx.o(.text)
    SPI1_IRQHandler                          0x080001db   Thumb Code     0  startup_stm32f429xx.o(.text)
    SPI2_IRQHandler                          0x080001db   Thumb Code     0  startup_stm32f429xx.o(.text)
    SPI3_IRQHandler                          0x080001db   Thumb Code     0  startup_stm32f429xx.o(.text)
    SPI4_IRQHandler                          0x080001db   Thumb Code     0  startup_stm32f429xx.o(.text)
    SPI5_IRQHandler                          0x080001db   Thumb Code     0  startup_stm32f429xx.o(.text)
    SPI6_IRQHandler                          0x080001db   Thumb Code     0  startup_stm32f429xx.o(.text)
    TAMP_STAMP_IRQHandler                    0x080001db   Thumb Code     0  startup_stm32f429xx.o(.text)
    TIM1_BRK_TIM9_IRQHandler                 0x080001db   Thumb Code     0  startup_stm32f429xx.o(.text)
    TIM1_CC_IRQHandler                       0x080001db   Thumb Code     0  startup_stm32f429xx.o(.text)
    TIM1_TRG_COM_TIM11_IRQHandler            0x080001db   Thumb Code     0  startup_stm32f429xx.o(.text)
    TIM1_UP_TIM10_IRQHandler                 0x080001db   Thumb Code     0  startup_stm32f429xx.o(.text)
    TIM2_IRQHandler                          0x080001db   Thumb Code     0  startup_stm32f429xx.o(.text)
    TIM3_IRQHandler                          0x080001db   Thumb Code     0  startup_stm32f429xx.o(.text)
    TIM4_IRQHandler                          0x080001db   Thumb Code     0  startup_stm32f429xx.o(.text)
    TIM5_IRQHandler                          0x080001db   Thumb Code     0  startup_stm32f429xx.o(.text)
    TIM6_DAC_IRQHandler                      0x080001db   Thumb Code     0  startup_stm32f429xx.o(.text)
    TIM7_IRQHandler                          0x080001db   Thumb Code     0  startup_stm32f429xx.o(.text)
    TIM8_BRK_TIM12_IRQHandler                0x080001db   Thumb Code     0  startup_stm32f429xx.o(.text)
    TIM8_CC_IRQHandler                       0x080001db   Thumb Code     0  startup_stm32f429xx.o(.text)
    TIM8_TRG_COM_TIM14_IRQHandler            0x080001db   Thumb Code     0  startup_stm32f429xx.o(.text)
    TIM8_UP_TIM13_IRQHandler                 0x080001db   Thumb Code     0  startup_stm32f429xx.o(.text)
    UART4_IRQHandler                         0x080001db   Thumb Code     0  startup_stm32f429xx.o(.text)
    UART5_IRQHandler                         0x080001db   Thumb Code     0  startup_stm32f429xx.o(.text)
    UART7_IRQHandler                         0x080001db   Thumb Code     0  startup_stm32f429xx.o(.text)
    UART8_IRQHandler                         0x080001db   Thumb Code     0  startup_stm32f429xx.o(.text)
    USART2_IRQHandler                        0x080001db   Thumb Code     0  startup_stm32f429xx.o(.text)
    USART3_IRQHandler                        0x080001db   Thumb Code     0  startup_stm32f429xx.o(.text)
    USART6_IRQHandler                        0x080001db   Thumb Code     0  startup_stm32f429xx.o(.text)
    WWDG_IRQHandler                          0x080001db   Thumb Code     0  startup_stm32f429xx.o(.text)
    __aeabi_memcpy                           0x080001e5   Thumb Code    36  memcpya.o(.text)
    __aeabi_memcpy4                          0x080001e5   Thumb Code     0  memcpya.o(.text)
    __aeabi_memcpy8                          0x080001e5   Thumb Code     0  memcpya.o(.text)
    __aeabi_memset                           0x08000209   Thumb Code    14  memseta.o(.text)
    __aeabi_memset4                          0x08000209   Thumb Code     0  memseta.o(.text)
    __aeabi_memset8                          0x08000209   Thumb Code     0  memseta.o(.text)
    __aeabi_memclr                           0x08000217   Thumb Code     4  memseta.o(.text)
    __aeabi_memclr4                          0x08000217   Thumb Code     0  memseta.o(.text)
    __aeabi_memclr8                          0x08000217   Thumb Code     0  memseta.o(.text)
    _memset$wrapper                          0x0800021b   Thumb Code    18  memseta.o(.text)
    strcat                                   0x0800022d   Thumb Code    24  strcat.o(.text)
    __aeabi_uidiv                            0x08000245   Thumb Code     0  uidiv.o(.text)
    __aeabi_uidivmod                         0x08000245   Thumb Code    44  uidiv.o(.text)
    __scatterload                            0x08000271   Thumb Code    28  init.o(.text)
    __scatterload_rt2                        0x08000271   Thumb Code     0  init.o(.text)
    BSP_LCD_Clear                            0x08000295   Thumb Code    56  stm32f429i_discovery_lcd.o(i.BSP_LCD_Clear)
    BSP_LCD_ClearStringLine                  0x080002d5   Thumb Code   132  stm32f429i_discovery_lcd.o(i.BSP_LCD_ClearStringLine)
    BSP_LCD_DisplayChar                      0x08000361   Thumb Code    96  stm32f429i_discovery_lcd.o(i.BSP_LCD_DisplayChar)
    BSP_LCD_DisplayOn                        0x080003c9   Thumb Code    20  stm32f429i_discovery_lcd.o(i.BSP_LCD_DisplayOn)
    BSP_LCD_DisplayStringAt                  0x080003e1   Thumb Code   272  stm32f429i_discovery_lcd.o(i.BSP_LCD_DisplayStringAt)
    BSP_LCD_DisplayStringAtLine              0x080004f9   Thumb Code    30  stm32f429i_discovery_lcd.o(i.BSP_LCD_DisplayStringAtLine)
    BSP_LCD_DrawLine                         0x08000519   Thumb Code   306  stm32f429i_discovery_lcd.o(i.BSP_LCD_DrawLine)
    BSP_LCD_DrawPixel                        0x08000655   Thumb Code    42  stm32f429i_discovery_lcd.o(i.BSP_LCD_DrawPixel)
    BSP_LCD_FillRect                         0x08000689   Thumb Code   110  stm32f429i_discovery_lcd.o(i.BSP_LCD_FillRect)
    BSP_LCD_GetFont                          0x08000705   Thumb Code    18  stm32f429i_discovery_lcd.o(i.BSP_LCD_GetFont)
    BSP_LCD_GetXSize                         0x08000721   Thumb Code    12  stm32f429i_discovery_lcd.o(i.BSP_LCD_GetXSize)
    BSP_LCD_GetYSize                         0x08000731   Thumb Code    12  stm32f429i_discovery_lcd.o(i.BSP_LCD_GetYSize)
    BSP_LCD_Init                             0x08000741   Thumb Code   144  stm32f429i_discovery_lcd.o(i.BSP_LCD_Init)
    BSP_LCD_LayerDefaultInit                 0x080007e9   Thumb Code   138  stm32f429i_discovery_lcd.o(i.BSP_LCD_LayerDefaultInit)
    BSP_LCD_SelectLayer                      0x08000881   Thumb Code     6  stm32f429i_discovery_lcd.o(i.BSP_LCD_SelectLayer)
    BSP_LCD_SetFont                          0x0800088d   Thumb Code    18  stm32f429i_discovery_lcd.o(i.BSP_LCD_SetFont)
    BSP_LCD_SetTextColor                     0x080008a9   Thumb Code    16  stm32f429i_discovery_lcd.o(i.BSP_LCD_SetTextColor)
    BSP_SDRAM_Init                           0x080008c1   Thumb Code   106  stm32f429i_discovery_sdram.o(i.BSP_SDRAM_Init)
    BSP_SDRAM_Initialization_sequence        0x08000939   Thumb Code   142  stm32f429i_discovery_sdram.o(i.BSP_SDRAM_Initialization_sequence)
    BusFault_Handler                         0x080009d1   Thumb Code     4  stm32f4xx_it.o(i.BusFault_Handler)
    DebugMon_Handler                         0x08000bcb   Thumb Code     2  stm32f4xx_it.o(i.DebugMon_Handler)
    Error_Handler                            0x08000cd5   Thumb Code     4  main.o(i.Error_Handler)
    FMC_SDRAM_Init                           0x08000cd9   Thumb Code   116  stm32f4xx_ll_fmc.o(i.FMC_SDRAM_Init)
    FMC_SDRAM_ProgramRefreshRate             0x08000d4d   Thumb Code    14  stm32f4xx_ll_fmc.o(i.FMC_SDRAM_ProgramRefreshRate)
    FMC_SDRAM_SendCommand                    0x08000d5b   Thumb Code    82  stm32f4xx_ll_fmc.o(i.FMC_SDRAM_SendCommand)
    FMC_SDRAM_Timing_Init                    0x08000dad   Thumb Code   152  stm32f4xx_ll_fmc.o(i.FMC_SDRAM_Timing_Init)
    HAL_DMA2D_ConfigLayer                    0x08000ea9   Thumb Code   250  stm32f4xx_hal_dma2d.o(i.HAL_DMA2D_ConfigLayer)
    HAL_DMA2D_Init                           0x08000fa9   Thumb Code    96  stm32f4xx_hal_dma2d.o(i.HAL_DMA2D_Init)
    HAL_DMA2D_MspInit                        0x08001009   Thumb Code    44  stm32f4xx_hal_msp.o(i.HAL_DMA2D_MspInit)
    HAL_DMA2D_PollForTransfer                0x0800103d   Thumb Code   360  stm32f4xx_hal_dma2d.o(i.HAL_DMA2D_PollForTransfer)
    HAL_DMA2D_Start                          0x080011a5   Thumb Code    78  stm32f4xx_hal_dma2d.o(i.HAL_DMA2D_Start)
    HAL_DMA_Abort_IT                         0x080011f3   Thumb Code    40  stm32f4xx_hal_dma.o(i.HAL_DMA_Abort_IT)
    HAL_DMA_DeInit                           0x0800121b   Thumb Code    98  stm32f4xx_hal_dma.o(i.HAL_DMA_DeInit)
    HAL_DMA_Init                             0x0800127d   Thumb Code   228  stm32f4xx_hal_dma.o(i.HAL_DMA_Init)
    HAL_Delay                                0x08001365   Thumb Code    26  stm32f4xx_hal.o(i.HAL_Delay)
    HAL_GPIO_DeInit                          0x08001489   Thumb Code   336  stm32f4xx_hal_gpio.o(i.HAL_GPIO_DeInit)
    HAL_GPIO_Init                            0x08001609   Thumb Code   486  stm32f4xx_hal_gpio.o(i.HAL_GPIO_Init)
    HAL_GPIO_ReadPin                         0x08001825   Thumb Code    16  stm32f4xx_hal_gpio.o(i.HAL_GPIO_ReadPin)
    HAL_GPIO_WritePin                        0x08001835   Thumb Code    12  stm32f4xx_hal_gpio.o(i.HAL_GPIO_WritePin)
    HAL_GetTick                              0x08001841   Thumb Code     6  stm32f4xx_hal.o(i.HAL_GetTick)
    HAL_I2C_Init                             0x0800184d   Thumb Code   286  stm32f4xx_hal_i2c.o(i.HAL_I2C_Init)
    HAL_I2C_MspInit                          0x08001975   Thumb Code   108  stm32f4xx_hal_msp.o(i.HAL_I2C_MspInit)
    HAL_IncTick                              0x080019f1   Thumb Code    12  stm32f4xx_hal.o(i.HAL_IncTick)
    HAL_Init                                 0x08001a01   Thumb Code    54  stm32f4xx_hal.o(i.HAL_Init)
    HAL_InitTick                             0x08001a3d   Thumb Code    36  stm32f4xx_hal.o(i.HAL_InitTick)
    HAL_LTDC_ConfigLayer                     0x08001a65   Thumb Code    94  stm32f4xx_hal_ltdc.o(i.HAL_LTDC_ConfigLayer)
    HAL_LTDC_EnableDither                    0x08001ac5   Thumb Code    62  stm32f4xx_hal_ltdc.o(i.HAL_LTDC_EnableDither)
    HAL_LTDC_Init                            0x08001b09   Thumb Code   290  stm32f4xx_hal_ltdc.o(i.HAL_LTDC_Init)
    HAL_LTDC_MspInit                         0x08001c31   Thumb Code   268  stm32f4xx_hal_msp.o(i.HAL_LTDC_MspInit)
    HAL_MspInit                              0x08001d5d   Thumb Code    86  stm32f4xx_hal_msp.o(i.HAL_MspInit)
    HAL_NVIC_DisableIRQ                      0x08001db5   Thumb Code    22  stm32f4xx_hal_cortex.o(i.HAL_NVIC_DisableIRQ)
    HAL_NVIC_EnableIRQ                       0x08001dd1   Thumb Code    26  stm32f4xx_hal_cortex.o(i.HAL_NVIC_EnableIRQ)
    HAL_NVIC_SetPriority                     0x08001deb   Thumb Code   124  stm32f4xx_hal_cortex.o(i.HAL_NVIC_SetPriority)
    HAL_NVIC_SetPriorityGrouping             0x08001e69   Thumb Code    32  stm32f4xx_hal_cortex.o(i.HAL_NVIC_SetPriorityGrouping)
    HAL_PWREx_EnableOverDrive                0x08001e91   Thumb Code   152  stm32f4xx_hal_pwr_ex.o(i.HAL_PWREx_EnableOverDrive)
    HAL_RCCEx_PeriphCLKConfig                0x08001f35   Thumb Code   856  stm32f4xx_hal_rcc_ex.o(i.HAL_RCCEx_PeriphCLKConfig)
    HAL_RCC_ClockConfig                      0x080022a5   Thumb Code   446  stm32f4xx_hal_rcc.o(i.HAL_RCC_ClockConfig)
    HAL_RCC_GetHCLKFreq                      0x08002475   Thumb Code     6  stm32f4xx_hal_rcc.o(i.HAL_RCC_GetHCLKFreq)
    HAL_RCC_GetPCLK1Freq                     0x08002481   Thumb Code    36  stm32f4xx_hal_rcc.o(i.HAL_RCC_GetPCLK1Freq)
    HAL_RCC_GetPCLK2Freq                     0x080024ad   Thumb Code    36  stm32f4xx_hal_rcc.o(i.HAL_RCC_GetPCLK2Freq)
    HAL_RCC_GetSysClockFreq                  0x080024d9   Thumb Code   168  stm32f4xx_hal_rcc.o(i.HAL_RCC_GetSysClockFreq)
    HAL_RCC_OscConfig                        0x0800258d   Thumb Code   906  stm32f4xx_hal_rcc.o(i.HAL_RCC_OscConfig)
    HAL_SDRAM_Init                           0x08002929   Thumb Code    64  stm32f4xx_hal_sdram.o(i.HAL_SDRAM_Init)
    HAL_SDRAM_MspInit                        0x08002969   Thumb Code    10  stm32f4xx_hal_msp.o(i.HAL_SDRAM_MspInit)
    HAL_SDRAM_ProgramRefreshRate             0x08002973   Thumb Code    40  stm32f4xx_hal_sdram.o(i.HAL_SDRAM_ProgramRefreshRate)
    HAL_SDRAM_SendCommand                    0x0800299b   Thumb Code    58  stm32f4xx_hal_sdram.o(i.HAL_SDRAM_SendCommand)
    HAL_SPI_DeInit                           0x080029d5   Thumb Code    54  stm32f4xx_hal_spi.o(i.HAL_SPI_DeInit)
    HAL_SPI_GetState                         0x08002a0b   Thumb Code     8  stm32f4xx_hal_spi.o(i.HAL_SPI_GetState)
    HAL_SPI_Init                             0x08002a13   Thumb Code   140  stm32f4xx_hal_spi.o(i.HAL_SPI_Init)
    HAL_SPI_MspDeInit                        0x08002aa1   Thumb Code    36  stm32f4xx_hal_msp.o(i.HAL_SPI_MspDeInit)
    HAL_SPI_MspInit                          0x08002ad1   Thumb Code    80  stm32f4xx_hal_msp.o(i.HAL_SPI_MspInit)
    HAL_SPI_Receive                          0x08002b2d   Thumb Code   364  stm32f4xx_hal_spi.o(i.HAL_SPI_Receive)
    HAL_SPI_Transmit                         0x08002c99   Thumb Code   422  stm32f4xx_hal_spi.o(i.HAL_SPI_Transmit)
    HAL_SPI_TransmitReceive                  0x08002e3f   Thumb Code   542  stm32f4xx_hal_spi.o(i.HAL_SPI_TransmitReceive)
    HAL_SYSTICK_CLKSourceConfig              0x0800305d   Thumb Code    40  stm32f4xx_hal_cortex.o(i.HAL_SYSTICK_CLKSourceConfig)
    HAL_SYSTICK_Callback                     0x08003085   Thumb Code     2  stm32f4xx_hal_cortex.o(i.HAL_SYSTICK_Callback)
    HAL_SYSTICK_Config                       0x08003087   Thumb Code    52  stm32f4xx_hal_cortex.o(i.HAL_SYSTICK_Config)
    HAL_SYSTICK_IRQHandler                   0x080030bb   Thumb Code     8  stm32f4xx_hal_cortex.o(i.HAL_SYSTICK_IRQHandler)
    HAL_UART_DeInit                          0x080030c3   Thumb Code    46  stm32f4xx_hal_uart.o(i.HAL_UART_DeInit)
    HAL_UART_ErrorCallback                   0x080030f1   Thumb Code    38  main.o(i.HAL_UART_ErrorCallback)
    HAL_UART_IRQHandler                      0x08003125   Thumb Code   324  stm32f4xx_hal_uart.o(i.HAL_UART_IRQHandler)
    HAL_UART_Init                            0x0800326d   Thumb Code   114  stm32f4xx_hal_uart.o(i.HAL_UART_Init)
    HAL_UART_MspDeInit                       0x080032e1   Thumb Code    42  stm32f4xx_hal_msp.o(i.HAL_UART_MspDeInit)
    HAL_UART_MspInit                         0x08003319   Thumb Code    96  stm32f4xx_hal_msp.o(i.HAL_UART_MspInit)
    HAL_UART_Receive_IT                      0x08003385   Thumb Code   112  stm32f4xx_hal_uart.o(i.HAL_UART_Receive_IT)
    HAL_UART_RxCpltCallback                  0x080033f5   Thumb Code    54  main.o(i.HAL_UART_RxCpltCallback)
    HAL_UART_TxCpltCallback                  0x08003435   Thumb Code     2  stm32f4xx_hal_uart.o(i.HAL_UART_TxCpltCallback)
    HardFault_Handler                        0x08003437   Thumb Code     4  stm32f4xx_it.o(i.HardFault_Handler)
    LCD_Delay                                0x0800343b   Thumb Code    12  stm32f429i_discovery.o(i.LCD_Delay)
    LCD_IO_Init                              0x08003449   Thumb Code   216  stm32f429i_discovery.o(i.LCD_IO_Init)
    LCD_IO_ReadData                          0x08003531   Thumb Code    68  stm32f429i_discovery.o(i.LCD_IO_ReadData)
    LCD_IO_WriteData                         0x0800357d   Thumb Code    42  stm32f429i_discovery.o(i.LCD_IO_WriteData)
    LCD_IO_WriteReg                          0x080035b1   Thumb Code    44  stm32f429i_discovery.o(i.LCD_IO_WriteReg)
    MemManage_Handler                        0x08003b59   Thumb Code     4  stm32f4xx_it.o(i.MemManage_Handler)
    NMI_Handler                              0x08003ee1   Thumb Code     2  stm32f4xx_it.o(i.NMI_Handler)
    PendSV_Handler                           0x08003f1d   Thumb Code     2  stm32f4xx_it.o(i.PendSV_Handler)
    SVC_Handler                              0x08004119   Thumb Code     2  stm32f4xx_it.o(i.SVC_Handler)
    SysTick_Handler                          0x0800411d   Thumb Code   110  stm32f4xx_it.o(i.SysTick_Handler)
    SystemClock_Config                       0x0800419d   Thumb Code   224  main.o(i.SystemClock_Config)
    SystemInit                               0x08004285   Thumb Code    82  system_stm32f4xx.o(i.SystemInit)
    USART1_IRQHandler                        0x080047a9   Thumb Code    10  stm32f4xx_it.o(i.USART1_IRQHandler)
    UsageFault_Handler                       0x080047b9   Thumb Code     4  stm32f4xx_it.o(i.UsageFault_Handler)
    __0sprintf$1                             0x080047bd   Thumb Code    34  printf1.o(i.__0sprintf$1)
    __1sprintf$1                             0x080047bd   Thumb Code     0  printf1.o(i.__0sprintf$1)
    __2sprintf                               0x080047bd   Thumb Code     0  printf1.o(i.__0sprintf$1)
    __scatterload_copy                       0x080047e5   Thumb Code    14  handlers.o(i.__scatterload_copy)
    __scatterload_null                       0x080047f3   Thumb Code     2  handlers.o(i.__scatterload_null)
    __scatterload_zeroinit                   0x080047f5   Thumb Code    14  handlers.o(i.__scatterload_zeroinit)
    choose_speed                             0x08004965   Thumb Code    70  stm32f4xx_it.o(i.choose_speed)
    ili9341_DisplayOff                       0x080049bd   Thumb Code    10  ili9341.o(i.ili9341_DisplayOff)
    ili9341_DisplayOn                        0x080049c7   Thumb Code    10  ili9341.o(i.ili9341_DisplayOn)
    ili9341_GetLcdPixelHeight                0x080049d1   Thumb Code     6  ili9341.o(i.ili9341_GetLcdPixelHeight)
    ili9341_GetLcdPixelWidth                 0x080049d7   Thumb Code     4  ili9341.o(i.ili9341_GetLcdPixelWidth)
    ili9341_Init                             0x080049db   Thumb Code   656  ili9341.o(i.ili9341_Init)
    ili9341_ReadData                         0x08004c6b   Thumb Code    16  ili9341.o(i.ili9341_ReadData)
    ili9341_ReadID                           0x08004c7b   Thumb Code    18  ili9341.o(i.ili9341_ReadID)
    ili9341_WriteData                        0x08004c8d   Thumb Code    12  ili9341.o(i.ili9341_WriteData)
    ili9341_WriteReg                         0x08004c99   Thumb Code    12  ili9341.o(i.ili9341_WriteReg)
    main                                     0x08004ca5   Thumb Code   114  main.o(i.main)
    print_speed                              0x08004d25   Thumb Code    58  stm32f4xx_it.o(i.print_speed)
    print_string                             0x08004d71   Thumb Code    76  main.o(i.print_string)
    APBAHBPrescTable                         0x08004dcc   Data          16  stm32f4xx_hal_rcc.o(.constdata)
    Font24_Table                             0x08004df0   Data        6840  stm32f429i_discovery_lcd.o(.constdata)
    Font20_Table                             0x080068a8   Data        3800  stm32f429i_discovery_lcd.o(.constdata)
    Font16_Table                             0x08007780   Data        3040  stm32f429i_discovery_lcd.o(.constdata)
    Font12_Table                             0x08008360   Data        1140  stm32f429i_discovery_lcd.o(.constdata)
    Font8_Table                              0x080087d4   Data         760  stm32f429i_discovery_lcd.o(.constdata)
    Region$$Table$$Base                      0x08008acc   Number         0  anon$$obj.o(Region$$Table)
    Region$$Table$$Limit                     0x08008aec   Number         0  anon$$obj.o(Region$$Table)
    uwTick                                   0x20000000   Data           4  stm32f4xx_hal.o(.data)
    button_count                             0x20000004   Data           1  stm32f4xx_it.o(.data)
    button_state                             0x20000005   Data           1  stm32f4xx_it.o(.data)
    speed                                    0x20000008   Data          20  stm32f4xx_it.o(.data)
    current_speed                            0x2000001c   Data           1  stm32f4xx_it.o(.data)
    max_speed                                0x2000001d   Data           1  stm32f4xx_it.o(.data)
    max_line                                 0x2000001e   Data           2  main.o(.data)
    current_line                             0x20000020   Data           2  main.o(.data)
    SystemCoreClock                          0x2000002c   Data           4  system_stm32f4xx.o(.data)
    ili9341_drv                              0x20000030   Data          56  ili9341.o(.data)
    GPIO_PORT                                0x20000068   Data           8  stm32f429i_discovery.o(.data)
    BUTTON_PORT                              0x20000070   Data           4  stm32f429i_discovery.o(.data)
    I2cxTimeout                              0x20000074   Data           4  stm32f429i_discovery.o(.data)
    SpixTimeout                              0x20000078   Data           4  stm32f429i_discovery.o(.data)
    Font24                                   0x20000080   Data           8  stm32f429i_discovery_lcd.o(.data)
    Font20                                   0x20000088   Data           8  stm32f429i_discovery_lcd.o(.data)
    Font16                                   0x20000090   Data           8  stm32f429i_discovery_lcd.o(.data)
    Font12                                   0x20000098   Data           8  stm32f429i_discovery_lcd.o(.data)
    Font8                                    0x200000a0   Data           8  stm32f429i_discovery_lcd.o(.data)
    LcdDrv                                   0x200000ac   Data           4  stm32f429i_discovery_lcd.o(.data)
    hdma2d                                   0x200000b0   Data          64  main.o(.bss)
    hi2c3                                    0x200000f0   Data          84  main.o(.bss)
    hltdc                                    0x20000144   Data         168  main.o(.bss)
    hspi5                                    0x200001ec   Data          88  main.o(.bss)
    huart1                                   0x20000244   Data          64  main.o(.bss)
    hsdram1                                  0x20000284   Data          52  main.o(.bss)
    buffer                                   0x200002b8   Data         100  main.o(.bss)
    I2cHandle                                0x2000031c   Data          84  stm32f429i_discovery.o(.bss)
    LtdcHandler                              0x200003c8   Data         168  stm32f429i_discovery_lcd.o(.bss)
    __initial_sp                             0x200009b8   Data           0  startup_stm32f429xx.o(STACK)



==============================================================================

Memory Map of the image

  Image Entry point : 0x080001ad

  Load Region LR_IROM1 (Base: 0x08000000, Size: 0x00008b9c, Max: 0x00200000, ABSOLUTE)

    Execution Region ER_IROM1 (Base: 0x08000000, Size: 0x00008aec, Max: 0x00200000, ABSOLUTE)

    Base Addr    Size         Type   Attr      Idx    E Section Name        Object

    0x08000000   0x000001ac   Data   RO         3405    RESET               startup_stm32f429xx.o
    0x080001ac   0x00000000   Code   RO         4154  * .ARM.Collect$$$$00000000  mc_w.l(entry.o)
    0x080001ac   0x00000004   Code   RO         4426    .ARM.Collect$$$$00000001  mc_w.l(entry2.o)
    0x080001b0   0x00000004   Code   RO         4429    .ARM.Collect$$$$00000004  mc_w.l(entry5.o)
    0x080001b4   0x00000000   Code   RO         4431    .ARM.Collect$$$$00000008  mc_w.l(entry7b.o)
    0x080001b4   0x00000000   Code   RO         4433    .ARM.Collect$$$$0000000A  mc_w.l(entry8b.o)
    0x080001b4   0x00000008   Code   RO         4434    .ARM.Collect$$$$0000000B  mc_w.l(entry9a.o)
    0x080001bc   0x00000000   Code   RO         4436    .ARM.Collect$$$$0000000D  mc_w.l(entry10a.o)
    0x080001bc   0x00000000   Code   RO         4438    .ARM.Collect$$$$0000000F  mc_w.l(entry11a.o)
    0x080001bc   0x00000004   Code   RO         4427    .ARM.Collect$$$$00002712  mc_w.l(entry2.o)
    0x080001c0   0x00000024   Code   RO         3406    .text               startup_stm32f429xx.o
    0x080001e4   0x00000024   Code   RO         4157    .text               mc_w.l(memcpya.o)
    0x08000208   0x00000024   Code   RO         4159    .text               mc_w.l(memseta.o)
    0x0800022c   0x00000018   Code   RO         4161    .text               mc_w.l(strcat.o)
    0x08000244   0x0000002c   Code   RO         4443    .text               mc_w.l(uidiv.o)
    0x08000270   0x00000024   Code   RO         4458    .text               mc_w.l(init.o)
    0x08000294   0x00000040   Code   RO         3744    i.BSP_LCD_Clear     stm32f429i_discovery_lcd.o
    0x080002d4   0x0000008c   Code   RO         3745    i.BSP_LCD_ClearStringLine  stm32f429i_discovery_lcd.o
    0x08000360   0x00000068   Code   RO         3746    i.BSP_LCD_DisplayChar  stm32f429i_discovery_lcd.o
    0x080003c8   0x00000018   Code   RO         3748    i.BSP_LCD_DisplayOn  stm32f429i_discovery_lcd.o
    0x080003e0   0x00000118   Code   RO         3749    i.BSP_LCD_DisplayStringAt  stm32f429i_discovery_lcd.o
    0x080004f8   0x0000001e   Code   RO         3750    i.BSP_LCD_DisplayStringAtLine  stm32f429i_discovery_lcd.o
    0x08000516   0x00000002   PAD
    0x08000518   0x0000013c   Code   RO         3755    i.BSP_LCD_DrawLine  stm32f429i_discovery_lcd.o
    0x08000654   0x00000034   Code   RO         3756    i.BSP_LCD_DrawPixel  stm32f429i_discovery_lcd.o
    0x08000688   0x0000007c   Code   RO         3763    i.BSP_LCD_FillRect  stm32f429i_discovery_lcd.o
    0x08000704   0x0000001c   Code   RO         3766    i.BSP_LCD_GetFont   stm32f429i_discovery_lcd.o
    0x08000720   0x00000010   Code   RO         3768    i.BSP_LCD_GetXSize  stm32f429i_discovery_lcd.o
    0x08000730   0x00000010   Code   RO         3769    i.BSP_LCD_GetYSize  stm32f429i_discovery_lcd.o
    0x08000740   0x000000a8   Code   RO         3770    i.BSP_LCD_Init      stm32f429i_discovery_lcd.o
    0x080007e8   0x00000098   Code   RO         3771    i.BSP_LCD_LayerDefaultInit  stm32f429i_discovery_lcd.o
    0x08000880   0x0000000c   Code   RO         3776    i.BSP_LCD_SelectLayer  stm32f429i_discovery_lcd.o
    0x0800088c   0x0000001c   Code   RO         3780    i.BSP_LCD_SetFont   stm32f429i_discovery_lcd.o
    0x080008a8   0x00000018   Code   RO         3787    i.BSP_LCD_SetTextColor  stm32f429i_discovery_lcd.o
    0x080008c0   0x00000078   Code   RO         4085    i.BSP_SDRAM_Init    stm32f429i_discovery_sdram.o
    0x08000938   0x00000098   Code   RO         4086    i.BSP_SDRAM_Initialization_sequence  stm32f429i_discovery_sdram.o
    0x080009d0   0x00000004   Code   RO         3086    i.BusFault_Handler  stm32f4xx_it.o
    0x080009d4   0x00000108   Code   RO         2159    i.DMA2D_SetConfig   stm32f4xx_hal_dma2d.o
    0x08000adc   0x00000034   Code   RO          254    i.DMA_CalcBaseAndBitshift  stm32f4xx_hal_dma.o
    0x08000b10   0x000000ba   Code   RO          255    i.DMA_CheckFifoParam  stm32f4xx_hal_dma.o
    0x08000bca   0x00000002   Code   RO         3087    i.DebugMon_Handler  stm32f4xx_it.o
    0x08000bcc   0x00000108   Code   RO         3791    i.DrawChar          stm32f429i_discovery_lcd.o
    0x08000cd4   0x00000004   Code   RO         3184    i.Error_Handler     main.o
    0x08000cd8   0x00000074   Code   RO         1999    i.FMC_SDRAM_Init    stm32f4xx_ll_fmc.o
    0x08000d4c   0x0000000e   Code   RO         2000    i.FMC_SDRAM_ProgramRefreshRate  stm32f4xx_ll_fmc.o
    0x08000d5a   0x00000052   Code   RO         2001    i.FMC_SDRAM_SendCommand  stm32f4xx_ll_fmc.o
    0x08000dac   0x0000009c   Code   RO         2003    i.FMC_SDRAM_Timing_Init  stm32f4xx_ll_fmc.o
    0x08000e48   0x00000060   Code   RO         3792    i.FillBuffer        stm32f429i_discovery_lcd.o
    0x08000ea8   0x00000100   Code   RO         2171    i.HAL_DMA2D_ConfigLayer  stm32f4xx_hal_dma2d.o
    0x08000fa8   0x00000060   Code   RO         2179    i.HAL_DMA2D_Init    stm32f4xx_hal_dma2d.o
    0x08001008   0x00000034   Code   RO         3299    i.HAL_DMA2D_MspInit  stm32f4xx_hal_msp.o
    0x0800103c   0x00000168   Code   RO         2183    i.HAL_DMA2D_PollForTransfer  stm32f4xx_hal_dma2d.o
    0x080011a4   0x0000004e   Code   RO         2186    i.HAL_DMA2D_Start   stm32f4xx_hal_dma2d.o
    0x080011f2   0x00000028   Code   RO          258    i.HAL_DMA_Abort_IT  stm32f4xx_hal_dma.o
    0x0800121a   0x00000062   Code   RO          259    i.HAL_DMA_DeInit    stm32f4xx_hal_dma.o
    0x0800127c   0x000000e8   Code   RO          263    i.HAL_DMA_Init      stm32f4xx_hal_dma.o
    0x08001364   0x0000001a   Code   RO          696    i.HAL_Delay         stm32f4xx_hal.o
    0x0800137e   0x00000002   PAD
    0x08001380   0x00000108   Code   RO         3301    i.HAL_FMC_MspInit   stm32f4xx_hal_msp.o
    0x08001488   0x00000180   Code   RO         1084    i.HAL_GPIO_DeInit   stm32f4xx_hal_gpio.o
    0x08001608   0x0000021c   Code   RO         1087    i.HAL_GPIO_Init     stm32f4xx_hal_gpio.o
    0x08001824   0x00000010   Code   RO         1089    i.HAL_GPIO_ReadPin  stm32f4xx_hal_gpio.o
    0x08001834   0x0000000c   Code   RO         1091    i.HAL_GPIO_WritePin  stm32f4xx_hal_gpio.o
    0x08001840   0x0000000c   Code   RO          704    i.HAL_GetTick       stm32f4xx_hal.o
    0x0800184c   0x00000128   Code   RO         2397    i.HAL_I2C_Init      stm32f4xx_hal_i2c.o
    0x08001974   0x0000007c   Code   RO         3303    i.HAL_I2C_MspInit   stm32f4xx_hal_msp.o
    0x080019f0   0x00000010   Code   RO          705    i.HAL_IncTick       stm32f4xx_hal.o
    0x08001a00   0x0000003c   Code   RO          706    i.HAL_Init          stm32f4xx_hal.o
    0x08001a3c   0x00000028   Code   RO          707    i.HAL_InitTick      stm32f4xx_hal.o
    0x08001a64   0x0000005e   Code   RO         1551    i.HAL_LTDC_ConfigLayer  stm32f4xx_hal_ltdc.o
    0x08001ac2   0x00000002   PAD
    0x08001ac4   0x00000044   Code   RO         1563    i.HAL_LTDC_EnableDither  stm32f4xx_hal_ltdc.o
    0x08001b08   0x00000128   Code   RO         1568    i.HAL_LTDC_Init     stm32f4xx_hal_ltdc.o
    0x08001c30   0x0000012c   Code   RO         3305    i.HAL_LTDC_MspInit  stm32f4xx_hal_msp.o
    0x08001d5c   0x00000056   Code   RO         3306    i.HAL_MspInit       stm32f4xx_hal_msp.o
    0x08001db2   0x00000002   PAD
    0x08001db4   0x0000001c   Code   RO          958    i.HAL_NVIC_DisableIRQ  stm32f4xx_hal_cortex.o
    0x08001dd0   0x0000001a   Code   RO          959    i.HAL_NVIC_EnableIRQ  stm32f4xx_hal_cortex.o
    0x08001dea   0x0000007c   Code   RO          965    i.HAL_NVIC_SetPriority  stm32f4xx_hal_cortex.o
    0x08001e66   0x00000002   PAD
    0x08001e68   0x00000028   Code   RO          966    i.HAL_NVIC_SetPriorityGrouping  stm32f4xx_hal_cortex.o
    0x08001e90   0x000000a4   Code   RO          890    i.HAL_PWREx_EnableOverDrive  stm32f4xx_hal_pwr_ex.o
    0x08001f34   0x00000370   Code   RO          849    i.HAL_RCCEx_PeriphCLKConfig  stm32f4xx_hal_rcc_ex.o
    0x080022a4   0x000001d0   Code   RO         1169    i.HAL_RCC_ClockConfig  stm32f4xx_hal_rcc.o
    0x08002474   0x0000000c   Code   RO         1174    i.HAL_RCC_GetHCLKFreq  stm32f4xx_hal_rcc.o
    0x08002480   0x0000002c   Code   RO         1176    i.HAL_RCC_GetPCLK1Freq  stm32f4xx_hal_rcc.o
    0x080024ac   0x0000002c   Code   RO         1177    i.HAL_RCC_GetPCLK2Freq  stm32f4xx_hal_rcc.o
    0x080024d8   0x000000b4   Code   RO         1178    i.HAL_RCC_GetSysClockFreq  stm32f4xx_hal_rcc.o
    0x0800258c   0x0000039c   Code   RO         1181    i.HAL_RCC_OscConfig  stm32f4xx_hal_rcc.o
    0x08002928   0x00000040   Code   RO         1829    i.HAL_SDRAM_Init    stm32f4xx_hal_sdram.o
    0x08002968   0x0000000a   Code   RO         3308    i.HAL_SDRAM_MspInit  stm32f4xx_hal_msp.o
    0x08002972   0x00000028   Code   RO         1832    i.HAL_SDRAM_ProgramRefreshRate  stm32f4xx_hal_sdram.o
    0x0800299a   0x0000003a   Code   RO         1838    i.HAL_SDRAM_SendCommand  stm32f4xx_hal_sdram.o
    0x080029d4   0x00000036   Code   RO         2820    i.HAL_SPI_DeInit    stm32f4xx_hal_spi.o
    0x08002a0a   0x00000008   Code   RO         2823    i.HAL_SPI_GetState  stm32f4xx_hal_spi.o
    0x08002a12   0x0000008c   Code   RO         2825    i.HAL_SPI_Init      stm32f4xx_hal_spi.o
    0x08002a9e   0x00000002   PAD
    0x08002aa0   0x00000030   Code   RO         3309    i.HAL_SPI_MspDeInit  stm32f4xx_hal_msp.o
    0x08002ad0   0x0000005c   Code   RO         3310    i.HAL_SPI_MspInit   stm32f4xx_hal_msp.o
    0x08002b2c   0x0000016c   Code   RO         2828    i.HAL_SPI_Receive   stm32f4xx_hal_spi.o
    0x08002c98   0x000001a6   Code   RO         2833    i.HAL_SPI_Transmit  stm32f4xx_hal_spi.o
    0x08002e3e   0x0000021e   Code   RO         2834    i.HAL_SPI_TransmitReceive  stm32f4xx_hal_spi.o
    0x0800305c   0x00000028   Code   RO          968    i.HAL_SYSTICK_CLKSourceConfig  stm32f4xx_hal_cortex.o
    0x08003084   0x00000002   Code   RO          969    i.HAL_SYSTICK_Callback  stm32f4xx_hal_cortex.o
    0x08003086   0x00000034   Code   RO          970    i.HAL_SYSTICK_Config  stm32f4xx_hal_cortex.o
    0x080030ba   0x00000008   Code   RO          971    i.HAL_SYSTICK_IRQHandler  stm32f4xx_hal_cortex.o
    0x080030c2   0x0000002e   Code   RO         1284    i.HAL_UART_DeInit   stm32f4xx_hal_uart.o
    0x080030f0   0x00000034   Code   RO         3185    i.HAL_UART_ErrorCallback  main.o
    0x08003124   0x00000148   Code   RO         1288    i.HAL_UART_IRQHandler  stm32f4xx_hal_uart.o
    0x0800326c   0x00000072   Code   RO         1289    i.HAL_UART_Init     stm32f4xx_hal_uart.o
    0x080032de   0x00000002   PAD
    0x080032e0   0x00000038   Code   RO         3311    i.HAL_UART_MspDeInit  stm32f4xx_hal_msp.o
    0x08003318   0x0000006c   Code   RO         3312    i.HAL_UART_MspInit  stm32f4xx_hal_msp.o
    0x08003384   0x00000070   Code   RO         1294    i.HAL_UART_Receive_IT  stm32f4xx_hal_uart.o
    0x080033f4   0x00000040   Code   RO         3186    i.HAL_UART_RxCpltCallback  main.o
    0x08003434   0x00000002   Code   RO         1300    i.HAL_UART_TxCpltCallback  stm32f4xx_hal_uart.o
    0x08003436   0x00000004   Code   RO         3088    i.HardFault_Handler  stm32f4xx_it.o
    0x0800343a   0x0000000c   Code   RO         3544    i.LCD_Delay         stm32f429i_discovery.o
    0x08003446   0x00000002   PAD
    0x08003448   0x000000e8   Code   RO         3545    i.LCD_IO_Init       stm32f429i_discovery.o
    0x08003530   0x0000004c   Code   RO         3546    i.LCD_IO_ReadData   stm32f429i_discovery.o
    0x0800357c   0x00000034   Code   RO         3547    i.LCD_IO_WriteData  stm32f429i_discovery.o
    0x080035b0   0x00000034   Code   RO         3548    i.LCD_IO_WriteReg   stm32f429i_discovery.o
    0x080035e4   0x00000212   Code   RO         1587    i.LTDC_SetConfig    stm32f4xx_hal_ltdc.o
    0x080037f6   0x00000002   PAD
    0x080037f8   0x00000044   Code   RO         3187    i.MX_DMA2D_Init     main.o
    0x0800383c   0x00000058   Code   RO         3188    i.MX_FMC_Init       main.o
    0x08003894   0x00000128   Code   RO         3189    i.MX_GPIO_Init      main.o
    0x080039bc   0x0000003c   Code   RO         3190    i.MX_I2C3_Init      main.o
    0x080039f8   0x000000e4   Code   RO         3191    i.MX_LTDC_Init      main.o
    0x08003adc   0x00000044   Code   RO         3192    i.MX_SPI5_Init      main.o
    0x08003b20   0x00000038   Code   RO         3193    i.MX_USART1_UART_Init  main.o
    0x08003b58   0x00000004   Code   RO         3089    i.MemManage_Handler  stm32f4xx_it.o
    0x08003b5c   0x0000019c   Code   RO         3793    i.MspInit           stm32f429i_discovery_lcd.o
    0x08003cf8   0x000001e8   Code   RO         4092    i.MspInit           stm32f429i_discovery_sdram.o
    0x08003ee0   0x00000002   Code   RO         3090    i.NMI_Handler       stm32f4xx_it.o
    0x08003ee2   0x00000002   PAD
    0x08003ee4   0x00000010   Code   RO          972    i.NVIC_GetPriorityGrouping  stm32f4xx_hal_cortex.o
    0x08003ef4   0x00000028   Code   RO          973    i.NVIC_SetPriority  stm32f4xx_hal_cortex.o
    0x08003f1c   0x00000002   Code   RO         3091    i.PendSV_Handler    stm32f4xx_it.o
    0x08003f1e   0x00000028   Code   RO         2847    i.SPI_CheckFlag_BSY  stm32f4xx_hal_spi.o
    0x08003f46   0x000000aa   Code   RO         2863    i.SPI_WaitFlagStateUntilTimeout  stm32f4xx_hal_spi.o
    0x08003ff0   0x00000014   Code   RO         3549    i.SPIx_Error        stm32f429i_discovery.o
    0x08004004   0x00000054   Code   RO         3550    i.SPIx_Init         stm32f429i_discovery.o
    0x08004058   0x00000074   Code   RO         3551    i.SPIx_MspInit      stm32f429i_discovery.o
    0x080040cc   0x00000028   Code   RO         3552    i.SPIx_Read         stm32f429i_discovery.o
    0x080040f4   0x00000024   Code   RO         3553    i.SPIx_Write        stm32f429i_discovery.o
    0x08004118   0x00000002   Code   RO         3092    i.SVC_Handler       stm32f4xx_it.o
    0x0800411a   0x00000002   PAD
    0x0800411c   0x00000080   Code   RO         3093    i.SysTick_Handler   stm32f4xx_it.o
    0x0800419c   0x000000e8   Code   RO         3194    i.SystemClock_Config  main.o
    0x08004284   0x00000064   Code   RO         3414    i.SystemInit        system_stm32f4xx.o
    0x080042e8   0x00000014   Code   RO         1302    i.UART_DMAAbortOnError  stm32f4xx_hal_uart.o
    0x080042fc   0x00000020   Code   RO         1308    i.UART_EndRxTransfer  stm32f4xx_hal_uart.o
    0x0800431c   0x00000020   Code   RO         1309    i.UART_EndTransmit_IT  stm32f4xx_hal_uart.o
    0x0800433c   0x0000009a   Code   RO         1311    i.UART_Receive_IT   stm32f4xx_hal_uart.o
    0x080043d6   0x00000002   PAD
    0x080043d8   0x00000368   Code   RO         1312    i.UART_SetConfig    stm32f4xx_hal_uart.o
    0x08004740   0x00000068   Code   RO         1313    i.UART_Transmit_IT  stm32f4xx_hal_uart.o
    0x080047a8   0x00000010   Code   RO         3094    i.USART1_IRQHandler  stm32f4xx_it.o
    0x080047b8   0x00000004   Code   RO         3095    i.UsageFault_Handler  stm32f4xx_it.o
    0x080047bc   0x00000028   Code   RO         4212    i.__0sprintf$1      mc_w.l(printf1.o)
    0x080047e4   0x0000000e   Code   RO         4472    i.__scatterload_copy  mc_w.l(handlers.o)
    0x080047f2   0x00000002   Code   RO         4473    i.__scatterload_null  mc_w.l(handlers.o)
    0x080047f4   0x0000000e   Code   RO         4474    i.__scatterload_zeroinit  mc_w.l(handlers.o)
    0x08004802   0x00000002   PAD
    0x08004804   0x00000154   Code   RO         4217    i._printf_core      mc_w.l(printf1.o)
    0x08004958   0x0000000a   Code   RO         4219    i._sputc            mc_w.l(printf1.o)
    0x08004962   0x00000002   PAD
    0x08004964   0x00000058   Code   RO         3096    i.choose_speed      stm32f4xx_it.o
    0x080049bc   0x0000000a   Code   RO         3447    i.ili9341_DisplayOff  ili9341.o
    0x080049c6   0x0000000a   Code   RO         3448    i.ili9341_DisplayOn  ili9341.o
    0x080049d0   0x00000006   Code   RO         3449    i.ili9341_GetLcdPixelHeight  ili9341.o
    0x080049d6   0x00000004   Code   RO         3450    i.ili9341_GetLcdPixelWidth  ili9341.o
    0x080049da   0x00000290   Code   RO         3451    i.ili9341_Init      ili9341.o
    0x08004c6a   0x00000010   Code   RO         3452    i.ili9341_ReadData  ili9341.o
    0x08004c7a   0x00000012   Code   RO         3453    i.ili9341_ReadID    ili9341.o
    0x08004c8c   0x0000000c   Code   RO         3454    i.ili9341_WriteData  ili9341.o
    0x08004c98   0x0000000c   Code   RO         3455    i.ili9341_WriteReg  ili9341.o
    0x08004ca4   0x00000080   Code   RO         3195    i.main              main.o
    0x08004d24   0x0000004c   Code   RO         3097    i.print_speed       stm32f4xx_it.o
    0x08004d70   0x00000054   Code   RO         3196    i.print_string      main.o
    0x08004dc4   0x00000008   Data   RO          269    .constdata          stm32f4xx_hal_dma.o
    0x08004dcc   0x00000010   Data   RO         1182    .constdata          stm32f4xx_hal_rcc.o
    0x08004ddc   0x00000014   Data   RO         3098    .constdata          stm32f4xx_it.o
    0x08004df0   0x00003cdc   Data   RO         3795    .constdata          stm32f429i_discovery_lcd.o
    0x08008acc   0x00000020   Data   RO         4470    Region$$Table       anon$$obj.o


    Execution Region RW_IRAM1 (Base: 0x20000000, Size: 0x000009b8, Max: 0x00030000, ABSOLUTE)

    Base Addr    Size         Type   Attr      Idx    E Section Name        Object

    0x20000000   0x00000004   Data   RW          712    .data               stm32f4xx_hal.o
    0x20000004   0x0000001a   Data   RW         3099    .data               stm32f4xx_it.o
    0x2000001e   0x00000004   Data   RW         3199    .data               main.o
    0x20000022   0x00000002   PAD
    0x20000024   0x00000008   Data   RW         3313    .data               stm32f4xx_hal_msp.o
    0x2000002c   0x00000004   Data   RW         3416    .data               system_stm32f4xx.o
    0x20000030   0x00000038   Data   RW         3456    .data               ili9341.o
    0x20000068   0x00000015   Data   RW         3557    .data               stm32f429i_discovery.o
    0x2000007d   0x00000003   PAD
    0x20000080   0x00000030   Data   RW         3796    .data               stm32f429i_discovery_lcd.o
    0x200000b0   0x0000026c   Zero   RW         3197    .bss                main.o
    0x2000031c   0x000000ac   Zero   RW         3555    .bss                stm32f429i_discovery.o
    0x200003c8   0x00000130   Zero   RW         3794    .bss                stm32f429i_discovery_lcd.o
    0x200004f8   0x000000c0   Zero   RW         4093    .bss                stm32f429i_discovery_sdram.o
    0x200005b8   0x00000400   Zero   RW         3403    STACK               startup_stm32f429xx.o


==============================================================================

Image component sizes


      Code (inc. data)   RO Data    RW Data    ZI Data      Debug   Object Name

       744          0          0         56          0       6780   ili9341.o
      1428        124          0          4        620       9472   main.o
        36          8        428          0       1024        804   startup_stm32f429xx.o
       720         84          0         21        172       7959   stm32f429i_discovery.o
      2350        196      15580         48        304      21426   stm32f429i_discovery_lcd.o
       760         66          0          0        192       3241   stm32f429i_discovery_sdram.o
       154         20          0          4          0       4287   stm32f4xx_hal.o
       376         28          0          0          0      33415   stm32f4xx_hal_cortex.o
       608         10          8          0          0       4251   stm32f4xx_hal_dma.o
      1054         12          0          0          0       5799   stm32f4xx_hal_dma2d.o
         0          0          0          0          0     359692   stm32f4xx_hal_flash.o
       952        102          0          0          0       4057   stm32f4xx_hal_gpio.o
       296         10          0          0          0       2011   stm32f4xx_hal_i2c.o
       988         12          0          0          0       3583   stm32f4xx_hal_ltdc.o
      1140        138          0          8          0       7077   stm32f4xx_hal_msp.o
       164         12          0          0          0       1304   stm32f4xx_hal_pwr_ex.o
      1668         70         16          0          0       5783   stm32f4xx_hal_rcc.o
       880         24          0          0          0       1592   stm32f4xx_hal_rcc_ex.o
       162          0          0          0          0       2772   stm32f4xx_hal_sdram.o
      1740          0          0          0          0       8074   stm32f4xx_hal_spi.o
      1816         12          0          0          0       8272   stm32f4xx_hal_uart.o
       332         60         20         26          0       6706   stm32f4xx_it.o
       368          4          0          0          0       3588   stm32f4xx_ll_fmc.o
       100         18          0          4          0       1377   system_stm32f4xx.o

    ----------------------------------------------------------------------
     18860       1010      16084        176       2312     513322   Object Totals
         0          0         32          0          0          0   (incl. Generated)
        24          0          0          5          0          0   (incl. Padding)

    ----------------------------------------------------------------------

      Code (inc. data)   RO Data    RW Data    ZI Data      Debug   Library Member Name

         0          0          0          0          0          0   entry.o
         0          0          0          0          0          0   entry10a.o
         0          0          0          0          0          0   entry11a.o
         8          4          0          0          0          0   entry2.o
         4          0          0          0          0          0   entry5.o
         0          0          0          0          0          0   entry7b.o
         0          0          0          0          0          0   entry8b.o
         8          4          0          0          0          0   entry9a.o
        30          0          0          0          0          0   handlers.o
        36          8          0          0          0         68   init.o
        36          0          0          0          0         68   memcpya.o
        36          0          0          0          0        108   memseta.o
       390         10          0          0          0        252   printf1.o
        24          0          0          0          0         68   strcat.o
        44          0          0          0          0         80   uidiv.o

    ----------------------------------------------------------------------
       620         26          0          0          0        644   Library Totals
         4          0          0          0          0          0   (incl. Padding)

    ----------------------------------------------------------------------

      Code (inc. data)   RO Data    RW Data    ZI Data      Debug   Library Name

       616         26          0          0          0        644   mc_w.l

    ----------------------------------------------------------------------
       620         26          0          0          0        644   Library Totals

    ----------------------------------------------------------------------

==============================================================================


      Code (inc. data)   RO Data    RW Data    ZI Data      Debug   

     19480       1036      16084        176       2312     499910   Grand Totals
     19480       1036      16084        176       2312     499910   ELF Image Totals
     19480       1036      16084        176          0          0   ROM Totals

==============================================================================

    Total RO  Size (Code + RO Data)                35564 (  34.73kB)
    Total RW  Size (RW Data + ZI Data)              2488 (   2.43kB)
    Total ROM Size (Code + RO Data + RW Data)      35740 (  34.90kB)

==============================================================================

